Component: ARM Compiler 5.06 update 6 (build 750) Tool: armlink [4d35ed]

==============================================================================

Section Cross References

    system_stm32f4xx.o(i.SystemCoreClockUpdate) refers to system_stm32f4xx.o(.data) for .data
    system_stm32f4xx.o(i.SystemInit) refers to system_stm32f4xx.o(i.SetSysClock) for SetSysClock
    startup_stm32f40_41xxx.o(STACK) refers (Special) to heapauxi.o(.text) for __use_two_region_memory
    startup_stm32f40_41xxx.o(HEAP) refers (Special) to heapauxi.o(.text) for __use_two_region_memory
    startup_stm32f40_41xxx.o(RESET) refers (Special) to heapauxi.o(.text) for __use_two_region_memory
    startup_stm32f40_41xxx.o(RESET) refers to startup_stm32f40_41xxx.o(STACK) for __initial_sp
    startup_stm32f40_41xxx.o(RESET) refers to startup_stm32f40_41xxx.o(.text) for Reset_Handler
    startup_stm32f40_41xxx.o(RESET) refers to stm32f4xx_it.o(i.NMI_Handler) for NMI_Handler
    startup_stm32f40_41xxx.o(RESET) refers to stm32f4xx_it.o(i.HardFault_Handler) for HardFault_Handler
    startup_stm32f40_41xxx.o(RESET) refers to stm32f4xx_it.o(i.MemManage_Handler) for MemManage_Handler
    startup_stm32f40_41xxx.o(RESET) refers to stm32f4xx_it.o(i.BusFault_Handler) for BusFault_Handler
    startup_stm32f40_41xxx.o(RESET) refers to stm32f4xx_it.o(i.UsageFault_Handler) for UsageFault_Handler
    startup_stm32f40_41xxx.o(RESET) refers to port.o(.emb_text) for SVC_Handler
    startup_stm32f40_41xxx.o(RESET) refers to stm32f4xx_it.o(i.DebugMon_Handler) for DebugMon_Handler
    startup_stm32f40_41xxx.o(RESET) refers to port.o(i.SysTick_Handler) for SysTick_Handler
    startup_stm32f40_41xxx.o(RESET) refers to wdog.o(i.WWDG_IRQHandler) for WWDG_IRQHandler
    startup_stm32f40_41xxx.o(RESET) refers to rtc.o(i.RTC_WKUP_IRQHandler) for RTC_WKUP_IRQHandler
    startup_stm32f40_41xxx.o(RESET) refers to spi_i2s.o(i.DMA1_Stream3_IRQHandler) for DMA1_Stream3_IRQHandler
    startup_stm32f40_41xxx.o(RESET) refers to spi_i2s.o(i.DMA1_Stream4_IRQHandler) for DMA1_Stream4_IRQHandler
    startup_stm32f40_41xxx.o(RESET) refers to usart.o(i.DMA1_Stream5_IRQHandler) for DMA1_Stream5_IRQHandler
    startup_stm32f40_41xxx.o(RESET) refers to usart.o(i.DMA1_Stream6_IRQHandler) for DMA1_Stream6_IRQHandler
    startup_stm32f40_41xxx.o(RESET) refers to usart.o(i.USART1_IRQHandler) for USART1_IRQHandler
    startup_stm32f40_41xxx.o(RESET) refers to usart.o(i.USART2_IRQHandler) for USART2_IRQHandler
    startup_stm32f40_41xxx.o(RESET) refers to rtc.o(i.RTC_Alarm_IRQHandler) for RTC_Alarm_IRQHandler
    startup_stm32f40_41xxx.o(RESET) refers to sdio_sd.o(i.SDIO_IRQHandler) for SDIO_IRQHandler
    startup_stm32f40_41xxx.o(.text) refers (Special) to heapauxi.o(.text) for __use_two_region_memory
    startup_stm32f40_41xxx.o(.text) refers to system_stm32f4xx.o(i.SystemInit) for SystemInit
    startup_stm32f40_41xxx.o(.text) refers to __main.o(!!!main) for __main
    startup_stm32f40_41xxx.o(.text) refers to startup_stm32f40_41xxx.o(HEAP) for Heap_Mem
    startup_stm32f40_41xxx.o(.text) refers to startup_stm32f40_41xxx.o(STACK) for Stack_Mem
    misc.o(i.NVIC_Init) refers to main.o(i.assert_failed) for assert_failed
    misc.o(i.NVIC_PriorityGroupConfig) refers to main.o(i.assert_failed) for assert_failed
    misc.o(i.NVIC_SetVectorTable) refers to main.o(i.assert_failed) for assert_failed
    misc.o(i.NVIC_SystemLPConfig) refers to main.o(i.assert_failed) for assert_failed
    misc.o(i.SysTick_CLKSourceConfig) refers to main.o(i.assert_failed) for assert_failed
    stm32f4xx_adc.o(i.ADC_AnalogWatchdogCmd) refers to main.o(i.assert_failed) for assert_failed
    stm32f4xx_adc.o(i.ADC_AnalogWatchdogSingleChannelConfig) refers to main.o(i.assert_failed) for assert_failed
    stm32f4xx_adc.o(i.ADC_AnalogWatchdogThresholdsConfig) refers to main.o(i.assert_failed) for assert_failed
    stm32f4xx_adc.o(i.ADC_AutoInjectedConvCmd) refers to main.o(i.assert_failed) for assert_failed
    stm32f4xx_adc.o(i.ADC_ClearFlag) refers to main.o(i.assert_failed) for assert_failed
    stm32f4xx_adc.o(i.ADC_ClearITPendingBit) refers to main.o(i.assert_failed) for assert_failed
    stm32f4xx_adc.o(i.ADC_Cmd) refers to main.o(i.assert_failed) for assert_failed
    stm32f4xx_adc.o(i.ADC_CommonInit) refers to main.o(i.assert_failed) for assert_failed
    stm32f4xx_adc.o(i.ADC_ContinuousModeCmd) refers to main.o(i.assert_failed) for assert_failed
    stm32f4xx_adc.o(i.ADC_DMACmd) refers to main.o(i.assert_failed) for assert_failed
    stm32f4xx_adc.o(i.ADC_DMARequestAfterLastTransferCmd) refers to main.o(i.assert_failed) for assert_failed
    stm32f4xx_adc.o(i.ADC_DeInit) refers to stm32f4xx_rcc.o(i.RCC_APB2PeriphResetCmd) for RCC_APB2PeriphResetCmd
    stm32f4xx_adc.o(i.ADC_DiscModeChannelCountConfig) refers to main.o(i.assert_failed) for assert_failed
    stm32f4xx_adc.o(i.ADC_DiscModeCmd) refers to main.o(i.assert_failed) for assert_failed
[...]
    xUsart2_RxQueue                          0x2000004c   Data           4  usart.o(.data)
    xUsart2_IDLE_Binary                      0x20000050   Data           4  usart.o(.data)
    xUsart2_DMA_TxBinary                     0x20000054   Data           4  usart.o(.data)
    xUsart2_DMA_RxBinary                     0x20000058   Data           4  usart.o(.data)
    xUsart2_TxMutex                          0x2000005c   Data           4  usart.o(.data)
    xUsart2_RxMutex                          0x20000060   Data           4  usart.o(.data)
    __stdout                                 0x20000064   Data           4  usart.o(.data)
    TransferError                            0x2000006b   Data           1  sdio_sd.o(.data)
    TransferEnd                              0x2000006c   Data           1  sdio_sd.o(.data)
    tempbuff                                 0x20000074   Data           4  sdio_sd.o(.data)
    xI2s2DMA_TxBinary                        0x2000007c   Data           4  spi_i2s.o(.data)
    xI2s2DMA_RxBinary                        0x20000080   Data           4  spi_i2s.o(.data)
    LsiFreq                                  0x20000084   Data           4  wdog.o(.data)
    ucLHPvol                                 0x20000088   Data           1  audio.o(.data)
    ucRHPvol                                 0x20000089   Data           1  audio.o(.data)
    ucSPKvol                                 0x2000008a   Data           1  audio.o(.data)
    br                                       0x20000100   Data           4  mp3play.o(.data)
    exucLED_Sta                              0x20000110   Data           1  led.o(.data)
    pxCurrentTCB                             0x20000128   Data           4  tasks.o(.data)
    ppcESP_SuccRes                           0x20000190   Data           8  esp8266.o(.data)
    ppcESP_FailRes                           0x20000198   Data          12  esp8266.o(.data)
    xNetStart_Binary                         0x200001a4   Data           4  network.o(.data)
    xNetEnd_Binary                           0x200001a8   Data           4  network.o(.data)
    xNetLsn_RecBinary                        0x20000270   Data           4  netlsn.o(.data)
    xNetLsn_CloBinary                        0x20000274   Data           4  netlsn.o(.data)
    xNetLsn_Mutex                            0x20000278   Data           4  netlsn.o(.data)
    SDIO_InitStructure                       0x20000290   Data          24  sdio_sd.o(.bss)
    SDIO_CmdInitStructure                    0x200002a8   Data          20  sdio_sd.o(.bss)
    SDIO_DataInitStructure                   0x200002bc   Data          24  sdio_sd.o(.bss)
    SDCardInfo                               0x200002f8   Data          88  sdio_sd.o(.bss)
    SDIO_DATA_BUFFER                         0x20000350   Data         512  sdio_sd.o(.bss)
    pucAudio_SendBuf                         0x20000550   Data        9216  audio.o(.bss)
    pucAudio_ReceiveBuf                      0x20002950   Data        9216  audio.o(.bss)
    fft_inputbuf                             0x20006740   Data         512  led.o(.bss)
    fft_outputbuf                            0x20006940   Data         256  led.o(.bss)
    xQueueRegistry                           0x20006a40   Data          64  queue.o(.bss)
    pucNet_SendBuf                           0x20006f98   Data        2048  network.o(.bss)
    pucNet_ReceiveBuf                        0x20007798   Data        2048  network.o(.bss)
    PubBuf                                   0x200091c4   Data       14450  bsp_init.o(.bss)
    __libspace_start                         0x2000d084   Data          96  libspace.o(.bss)
    __temporary_stack_top$libspace           0x2000d0e4   Data           0  libspace.o(.bss)



==============================================================================

Memory Map of the image

  Image Entry point : 0x08000189

  Load Region LR_IROM1 (Base: 0x08000000, Size: 0x0004c48c, Max: 0x00080000, ABSOLUTE, COMPRESSED[0x0004c270])

    Execution Region ER_IROM1 (Exec base: 0x08000000, Load base: 0x08000000, Size: 0x0004c1fc, Max: 0x00080000, ABSOLUTE)

    Exec Addr    Load Addr    Size         Type   Attr      Idx    E Section Name        Object

    0x08000000   0x08000000   0x00000188   Data   RO          147    RESET               startup_stm32f40_41xxx.o
    0x08000188   0x08000188   0x00000008   Code   RO         9555  * !!!main             c_w.l(__main.o)
    0x08000190   0x08000190   0x00000034   Code   RO         9874    !!!scatter          c_w.l(__scatter.o)
    0x080001c4   0x080001c4   0x0000005a   Code   RO         9872    !!dczerorl2         c_w.l(__dczerorl2.o)
    0x0800021e   0x0800021e   0x00000002   PAD
    0x08000220   0x08000220   0x0000001c   Code   RO         9876    !!handler_zi        c_w.l(__scatter_zi.o)
    0x0800023c   0x0800023c   0x00000000   Code   RO         9523    .ARM.Collect$$_printf_percent$$00000000  c_w.l(_printf_percent.o)
    0x0800023c   0x0800023c   0x00000006   Code   RO         9620    .ARM.Collect$$_printf_percent$$00000001  c_w.l(_printf_n.o)
    0x08000242   0x08000242   0x00000006   Code   RO         9622    .ARM.Collect$$_printf_percent$$00000002  c_w.l(_printf_p.o)
    0x08000248   0x08000248   0x00000006   Code   RO         9625    .ARM.Collect$$_printf_percent$$00000003  c_w.l(_printf_f.o)
    0x0800024e   0x0800024e   0x00000006   Code   RO         9626    .ARM.Collect$$_printf_percent$$00000004  c_w.l(_printf_e.o)
    0x08000254   0x08000254   0x00000006   Code   RO         9627    .ARM.Collect$$_printf_percent$$00000005  c_w.l(_printf_g.o)
    0x0800025a   0x0800025a   0x00000006   Code   RO         9628    .ARM.Collect$$_printf_percent$$00000006  c_w.l(_printf_a.o)
    0x08000260   0x08000260   0x0000000a   Code   RO         9632    .ARM.Collect$$_printf_percent$$00000007  c_w.l(_printf_ll.o)
    0x0800026a   0x0800026a   0x00000006   Code   RO         9624    .ARM.Collect$$_printf_percent$$00000008  c_w.l(_printf_i.o)
    0x08000270   0x08000270   0x00000006   Code   RO         9521    .ARM.Collect$$_printf_percent$$00000009  c_w.l(_printf_d.o)
    0x08000276   0x08000276   0x00000006   Code   RO         9522    .ARM.Collect$$_printf_percent$$0000000A  c_w.l(_printf_u.o)
    0x0800027c   0x0800027c   0x00000006   Code   RO         9623    .ARM.Collect$$_printf_percent$$0000000B  c_w.l(_printf_o.o)
    0x08000282   0x08000282   0x00000006   Code   RO         9621    .ARM.Collect$$_printf_percent$$0000000C  c_w.l(_printf_x.o)
    0x08000288   0x08000288   0x00000006   Code   RO         9630    .ARM.Collect$$_printf_percent$$0000000D  c_w.l(_printf_lli.o)
    0x0800028e   0x0800028e   0x00000006   Code   RO         9524    .ARM.Collect$$_printf_percent$$0000000E  c_w.l(_printf_lld.o)
    0x08000294   0x08000294   0x00000006   Code   RO         9631    .ARM.Collect$$_printf_percent$$0000000F  c_w.l(_printf_llu.o)
    0x0800029a   0x0800029a   0x00000006   Code   RO         9636    .ARM.Collect$$_printf_percent$$00000010  c_w.l(_printf_llo.o)
    0x080002a0   0x080002a0   0x00000006   Code   RO         9637    .ARM.Collect$$_printf_percent$$00000011  c_w.l(_printf_llx.o)
    0x080002a6   0x080002a6   0x0000000a   Code   RO         9633    .ARM.Collect$$_printf_percent$$00000012  c_w.l(_printf_l.o)
    0x080002b0   0x080002b0   0x00000006   Code   RO         9619    .ARM.Collect$$_printf_percent$$00000013  c_w.l(_printf_c.o)
    0x080002b6   0x080002b6   0x00000006   Code   RO         9520    .ARM.Collect$$_printf_percent$$00000014  c_w.l(_printf_s.o)
    0x080002bc   0x080002bc   0x00000006   Code   RO         9634    .ARM.Collect$$_printf_percent$$00000015  c_w.l(_printf_lc.o)
    0x080002c2   0x080002c2   0x00000006   Code   RO         9635    .ARM.Collect$$_printf_percent$$00000016  c_w.l(_printf_ls.o)
    0x080002c8   0x080002c8   0x00000004   Code   RO         9629    .ARM.Collect$$_printf_percent$$00000017  c_w.l(_printf_percent_end.o)
    0x080002cc   0x080002cc   0x00000002   Code   RO         9744    .ARM.Collect$$libinit$$00000000  c_w.l(libinit.o)
    0x080002ce   0x080002ce   0x00000004   Code   RO         9758    .ARM.Collect$$libinit$$00000001  c_w.l(libinit2.o)
    0x080002d2   0x080002d2   0x00000000   Code   RO         9761    .ARM.Collect$$libinit$$00000004  c_w.l(libinit2.o)
    0x080002d2   0x080002d2   0x00000000   Code   RO         9764    .ARM.Collect$$libinit$$0000000A  c_w.l(libinit2.o)
    0x080002d2   0x080002d2   0x00000000   Code   RO         9766    .ARM.Collect$$libinit$$0000000C  c_w.l(libinit2.o)
    0x080002d2   0x080002d2   0x00000000   Code   RO         9768    .ARM.Collect$$libinit$$0000000E  c_w.l(libinit2.o)
    0x080002d2   0x080002d2   0x00000006   Code   RO         9769    .ARM.Collect$$libinit$$0000000F  c_w.l(libinit2.o)
    0x080002d8   0x080002d8   0x00000000   Code   RO         9771    .ARM.Collect$$libinit$$00000011  c_w.l(libinit2.o)
    0x080002d8   0x080002d8   0x0000000c   Code   RO         9772    .ARM.Collect$$libinit$$00000012  c_w.l(libinit2.o)
    0x080002e4   0x080002e4   0x00000000   Code   RO         9773    .ARM.Collect$$libinit$$00000013  c_w.l(libinit2.o)
    0x080002e4   0x080002e4   0x00000000   Code   RO         9775    .ARM.Collect$$libinit$$00000015  c_w.l(libinit2.o)
    0x080002e4   0x080002e4   0x0000000a   Code   RO         9776    .ARM.Collect$$libinit$$00000016  c_w.l(libinit2.o)
    0x080002ee   0x080002ee   0x00000000   Code   RO         9777    .ARM.Collect$$libinit$$00000017  c_w.l(libinit2.o)
    0x080002ee   0x080002ee   0x00000000   Code   RO         9779    .ARM.Collect$$libinit$$00000019  c_w.l(libinit2.o)
    0x080002ee   0x080002ee   0x00000000   Code   RO         9781    .ARM.Collect$$libinit$$0000001B  c_w.l(libinit2.o)
    0x080002ee   0x080002ee   0x00000000   Code   RO         9783    .ARM.Collect$$libinit$$0000001D  c_w.l(libinit2.o)
    0x080002ee   0x080002ee   0x00000000   Code   RO         9785    .ARM.Collect$$libinit$$0000001F  c_w.l(libinit2.o)
    0x080002ee   0x080002ee   0x00000000   Code   RO         9787    .ARM.Collect$$libinit$$00000021  c_w.l(libinit2.o)
    0x080002ee   0x080002ee   0x00000000   Code   RO         9789    .ARM.Collect$$libinit$$00000023  c_w.l(libinit2.o)
    0x080002ee   0x080002ee   0x00000000   Code   RO         9791    .ARM.Collect$$libinit$$00000025  c_w.l(libinit2.o)
    0x080002ee   0x080002ee   0x00000000   Code   RO         9795    .ARM.Collect$$libinit$$0000002C  c_w.l(libinit2.o)
    0x080002ee   0x080002ee   0x00000000   Code   RO         9797    .ARM.Collect$$libinit$$0000002E  c_w.l(libinit2.o)
    0x080002ee   0x080002ee   0x00000000   Code   RO         9799    .ARM.Collect$$libinit$$00000030  c_w.l(libinit2.o)
    0x080002ee   0x080002ee   0x00000000   Code   RO         9801    .ARM.Collect$$libinit$$00000032  c_w.l(libinit2.o)
    0x080002ee   0x080002ee   0x00000002   Code   RO         9802    .ARM.Collect$$libinit$$00000033  c_w.l(libinit2.o)
    0x080002f0   0x080002f0   0x00000002   Code   RO         9828    .ARM.Collect$$libshutdown$$00000000  c_w.l(libshutdown.o)
    0x080002f2   0x080002f2   0x00000000   Code   RO         9855    .ARM.Collect$$libshutdown$$00000002  c_w.l(libshutdown2.o)
    0x080002f2   0x080002f2   0x00000000   Code   RO         9857    .ARM.Collect$$libshutdown$$00000004  c_w.l(libshutdown2.o)
    0x080002f2   0x080002f2   0x00000000   Code   RO         9860    .ARM.Collect$$libshutdown$$00000007  c_w.l(libshutdown2.o)
    0x080002f2   0x080002f2   0x00000000   Code   RO         9863    .ARM.Collect$$libshutdown$$0000000A  c_w.l(libshutdown2.o)
    0x080002f2   0x080002f2   0x00000000   Code   RO         9865    .ARM.Collect$$libshutdown$$0000000C  c_w.l(libshutdown2.o)
    0x080002f2   0x080002f2   0x00000000   Code   RO         9868    .ARM.Collect$$libshutdown$$0000000F  c_w.l(libshutdown2.o)
    0x080002f2   0x080002f2   0x00000002   Code   RO         9869    .ARM.Collect$$libshutdown$$00000010  c_w.l(libshutdown2.o)
    0x080002f4   0x080002f4   0x00000000   Code   RO         9559    .ARM.Collect$$rtentry$$00000000  c_w.l(__rtentry.o)
    0x080002f4   0x080002f4   0x00000000   Code   RO         9656    .ARM.Collect$$rtentry$$00000002  c_w.l(__rtentry2.o)
    0x080002f4   0x080002f4   0x00000006   Code   RO         9668    .ARM.Collect$$rtentry$$00000004  c_w.l(__rtentry4.o)
    0x080002fa   0x080002fa   0x00000000   Code   RO         9658    .ARM.Collect$$rtentry$$00000009  c_w.l(__rtentry2.o)
    0x080002fa   0x080002fa   0x00000004   Code   RO         9659    .ARM.Collect$$rtentry$$0000000A  c_w.l(__rtentry2.o)
    0x080002fe   0x080002fe   0x00000000   Code   RO         9661    .ARM.Collect$$rtentry$$0000000C  c_w.l(__rtentry2.o)
    0x080002fe   0x080002fe   0x00000008   Code   RO         9662    .ARM.Collect$$rtentry$$0000000D  c_w.l(__rtentry2.o)
    0x08000306   0x08000306   0x00000002   Code   RO         9750    .ARM.Collect$$rtexit$$00000000  c_w.l(rtexit.o)
    0x08000308   0x08000308   0x00000000   Code   RO         9804    .ARM.Collect$$rtexit$$00000002  c_w.l(rtexit2.o)
    0x08000308   0x08000308   0x00000004   Code   RO         9805    .ARM.Collect$$rtexit$$00000003  c_w.l(rtexit2.o)
    0x0800030c   0x0800030c   0x00000006   Code   RO         9806    .ARM.Collect$$rtexit$$00000004  c_w.l(rtexit2.o)
    0x08000312   0x08000312   0x00000002   PAD
    0x08000314   0x08000314   0x000000be   Code   RO         7585    .emb_text           port.o
    0x080003d2   0x080003d2   0x00000002   PAD
    0x080003d4   0x080003d4   0x0000003c   Code   RO          148    .text               startup_stm32f40_41xxx.o
    0x08000410   0x08000410   0x00000016   Code   RO         6333    .text               asmmisc_rvds.o
    0x08000426   0x08000426   0x00000002   PAD
    0x08000428   0x08000428   0x0000080e   Code   RO         6337    .text               asmpoly_thumb2_rvds.o
    0x08000c36   0x08000c36   0x00000002   PAD
    0x08000c38   0x08000c38   0x000000f0   Code   RO         9314    .text               arm_cortexM4lf_math.lib(arm_cmplx_mag_f32.o)
    0x08000d28   0x08000d28   0x000006a0   Code   RO         9359    .text               arm_cortexM4lf_math.lib(arm_cfft_radix4_f32.o)
    0x080013c8   0x080013c8   0x000000c0   Code   RO         9379    .text               arm_cortexM4lf_math.lib(arm_cfft_radix4_init_f32.o)
    0x08001488   0x08001488   0x000001e6   Code   RO         9403    .text               arm_cortexM4lf_math.lib(arm_bitreversal.o)
    0x0800166e   0x0800166e   0x00000002   Code   RO         9474    .text               c_w.l(use_no_semi_2.o)
    0x08001670   0x08001670   0x000000ee   Code   RO         9476    .text               c_w.l(lludivv7m.o)
    0x0800175e   0x0800175e   0x00000048   Code   RO         9478    .text               c_w.l(llsdiv.o)
    0x080017a6   0x080017a6   0x00000002   PAD
    0x080017a8   0x080017a8   0x0000000c   Code   RO         9480    .text               c_w.l(vprintf.o)
    0x080017b4   0x080017b4   0x00000024   Code   RO         9482    .text               c_w.l(vsprintf.o)
    0x080017d8   0x080017d8   0x0000002c   Code   RO         9484    .text               c_w.l(__2sprintf.o)
    0x08001804   0x08001804   0x00000038   Code   RO         9486    .text               c_w.l(__2snprintf.o)
    0x0800183c   0x0800183c   0x00000052   Code   RO         9494    .text               c_w.l(_printf_str.o)
    0x0800188e   0x0800188e   0x00000002   PAD
    0x08001890   0x08001890   0x00000078   Code   RO         9496    .text               c_w.l(_printf_dec.o)
    0x08001908   0x08001908   0x0000007c   Code   RO         9498    .text               c_w.l(_printf_longlong_dec.o)
    0x08001984   0x08001984   0x00000188   Code   RO         9517    .text               c_w.l(__printf_flags_ss_wp.o)
    0x08001b0c   0x08001b0c   0x0000001a   Code   RO         9525    .text               c_w.l(atoi.o)
    0x08001b26   0x08001b26   0x00000024   Code   RO         9527    .text               c_w.l(strstr.o)
    0x08001b4a   0x08001b4a   0x00000048   Code   RO         9529    .text               c_w.l(strcpy.o)
    0x08001b92   0x08001b92   0x0000003e   Code   RO         9531    .text               c_w.l(strlen.o)
    0x08001bd0   0x08001bd0   0x00000096   Code   RO         9533    .text               c_w.l(strncmp.o)
    0x08001c66   0x08001c66   0x00000018   Code   RO         9535    .text               c_w.l(strcat.o)
    0x08001c7e   0x08001c7e   0x0000008a   Code   RO         9537    .text               c_w.l(rt_memcpy_v6.o)
    0x08001d08   0x08001d08   0x00000084   Code   RO         9539    .text               c_w.l(rt_memmove_v6.o)
    0x08001d8c   0x08001d8c   0x00000010   Code   RO         9543    .text               c_w.l(aeabi_memset.o)
    0x08001d9c   0x08001d9c   0x00000044   Code   RO         9545    .text               c_w.l(rt_memclr.o)
    0x08001de0   0x08001de0   0x0000004e   Code   RO         9547    .text               c_w.l(rt_memclr_w.o)
    0x08001e2e   0x08001e2e   0x00000056   Code   RO         9549    .text               c_w.l(strncpy.o)
    0x08001e84   0x08001e84   0x00000080   Code   RO         9551    .text               c_w.l(strcmpv7m.o)
    0x08001f04   0x08001f04   0x00000006   Code   RO         9553    .text               c_w.l(heapauxi.o)
    0x08001f0a   0x08001f0a   0x00000002   Code   RO         9557    .text               c_w.l(use_no_semi.o)
    0x08001f0c   0x08001f0c   0x00000008   Code   RO         9567    .text               c_w.l(rt_errno_addr_intlibspace.o)
    0x08001f14   0x08001f14   0x0000008a   Code   RO         9569    .text               c_w.l(lludiv10.o)
    0x08001f9e   0x08001f9e   0x0000004e   Code   RO         9571    .text               c_w.l(_printf_pad.o)
    0x08001fec   0x08001fec   0x00000024   Code   RO         9573    .text               c_w.l(_printf_truncate.o)
    0x08002010   0x08002010   0x000000b2   Code   RO         9575    .text               c_w.l(_printf_intcommon.o)
    0x080020c2   0x080020c2   0x00000028   Code   RO         9577    .text               c_w.l(_printf_charcount.o)
    0x080020ea   0x080020ea   0x00000002   PAD
    0x080020ec   0x080020ec   0x00000030   Code   RO         9579    .text               c_w.l(_printf_char_common.o)
    0x0800211c   0x0800211c   0x0000000a   Code   RO         9581    .text               c_w.l(_sputc.o)
    0x08002126   0x08002126   0x00000010   Code   RO         9583    .text               c_w.l(_snputc.o)
    0x08002136   0x08002136   0x0000002c   Code   RO         9585    .text               c_w.l(_printf_char.o)
    0x08002162   0x08002162   0x00000002   PAD
    0x08002164   0x08002164   0x00000024   Code   RO         9587    .text               c_w.l(_printf_char_file.o)
    0x08002188   0x08002188   0x000000bc   Code   RO         9589    .text               c_w.l(_printf_wctomb.o)
    0x08002244   0x08002244   0x00000070   Code   RO         9596    .text               c_w.l(_printf_oct_int_ll.o)
    0x080022b4   0x080022b4   0x00000094   Code   RO         9616    .text               c_w.l(_printf_hex_int_ll_ptr.o)
    0x08002348   0x08002348   0x00000070   Code   RO         9638    .text               c_w.l(strtol.o)
    0x080023b8   0x080023b8   0x00000064   Code   RO         9640    .text               c_w.l(rt_memcpy_w.o)
    0x0800241c   0x0800241c   0x0000007a   Code   RO         9642    .text               c_w.l(rt_memmove_w.o)
    0x08002496   0x08002496   0x00000002   PAD
    0x08002498   0x08002498   0x00000008   Code   RO         9652    .text               c_w.l(libspace.o)
    0x080024a0   0x080024a0   0x00000010   Code   RO         9670    .text               c_w.l(rt_ctype_table.o)
    0x080024b0   0x080024b0   0x0000041e   Code   RO         9674    .text               c_w.l(_printf_fp_dec.o)
    0x080028ce   0x080028ce   0x00000002   PAD
    0x080028d0   0x080028d0   0x000002fc   Code   RO         9676    .text               c_w.l(_printf_fp_hex.o)
    0x08002bcc   0x08002bcc   0x0000002c   Code   RO         9681    .text               c_w.l(_printf_wchar.o)
    0x08002bf8   0x08002bf8   0x0000009e   Code   RO         9683    .text               c_w.l(_strtoul.o)
    0x08002c96   0x08002c96   0x00000008   Code   RO         9685    .text               c_w.l(ferror.o)
    0x08002c9e   0x08002c9e   0x00000040   Code   RO         9689    .text               c_w.l(_wcrtomb.o)
    0x08002cde   0x08002cde   0x0000004a   Code   RO         9691    .text               c_w.l(sys_stackheap_outer.o)
    0x08002d28   0x08002d28   0x00000008   Code   RO         9696    .text               c_w.l(rt_locale_intlibspace.o)
    0x08002d30   0x08002d30   0x00000080   Code   RO         9698    .text               c_w.l(_printf_fp_infnan.o)
    0x08002db0   0x08002db0   0x0000001c   Code   RO         9700    .text               c_w.l(_chval.o)
    0x08002dcc   0x08002dcc   0x000000e4   Code   RO         9702    .text               c_w.l(bigflt0.o)
    0x08002eb0   0x08002eb0   0x00000012   Code   RO         9733    .text               c_w.l(exit.o)
    0x08002ec2   0x08002ec2   0x0000003e   Code   RO         9705    CL$$btod_d2e        c_w.l(btod.o)
    0x08002f00   0x08002f00   0x00000046   Code   RO         9707    CL$$btod_d2e_denorm_low  c_w.l(btod.o)
    0x08002f46   0x08002f46   0x00000060   Code   RO         9706    CL$$btod_d2e_norm_op1  c_w.l(btod.o)
    0x08002fa6   0x08002fa6   0x00000338   Code   RO         9715    CL$$btod_div_common  c_w.l(btod.o)
    0x080032de   0x080032de   0x000000dc   Code   RO         9712    CL$$btod_e2e        c_w.l(btod.o)
    0x080033ba   0x080033ba   0x0000002a   Code   RO         9709    CL$$btod_ediv       c_w.l(btod.o)
    0x080033e4   0x080033e4   0x0000002a   Code   RO         9708    CL$$btod_emul       c_w.l(btod.o)
    0x0800340e   0x0800340e   0x00000244   Code   RO         9714    CL$$btod_mult_common  c_w.l(btod.o)
    0x08003652   0x08003652   0x00000002   PAD
    0x08003654   0x08003654   0x0000021c   Code   RO         6198    i.AntiAlias         imdct.o
    0x08003870   0x08003870   0x00000048   Code   RO         9124    i.BusFault_Handler  stm32f4xx_it.o
    0x080038b8   0x080038b8   0x00000016   Code   RO         6114    i.CLZ               dequant.o
    0x080038ce   0x080038ce   0x00000016   Code   RO         6134    i.CLZ               dqchan.o
    0x080038e4   0x080038e4   0x0000003c   Code   RO         6675    i.ChannelFilter     recorder.o
    0x08003920   0x08003920   0x00000010   Code   RO         6072    i.ClearBuffer       buffers.o
    0x08003930   0x08003930   0x0000002a   Code   RO         5366    i.CmdError          sdio_sd.o
    0x0800395a   0x0800395a   0x00000002   PAD
    0x0800395c   0x0800395c   0x00000058   Code   RO         5367    i.CmdResp1Error     sdio_sd.o
    0x080039b4   0x080039b4   0x00000048   Code   RO         5368    i.CmdResp2Error     sdio_sd.o
    0x080039fc   0x080039fc   0x00000030   Code   RO         5369    i.CmdResp3Error     sdio_sd.o
    0x08003a2c   0x08003a2c   0x0000007c   Code   RO         5370    i.CmdResp6Error     sdio_sd.o
    0x08003aa8   0x08003aa8   0x0000003c   Code   RO         5371    i.CmdResp7Error     sdio_sd.o
    0x08003ae4   0x08003ae4   0x00000038   Code   RO         5579    i.DMA1_Stream3_IRQHandler  spi_i2s.o
    0x08003b1c   0x08003b1c   0x00000038   Code   RO         5580    i.DMA1_Stream4_IRQHandler  spi_i2s.o
    0x08003b54   0x08003b54   0x00000038   Code   RO         5007    i.DMA1_Stream5_IRQHandler  usart.o
    0x08003b8c   0x08003b8c   0x00000038   Code   RO         5008    i.DMA1_Stream6_IRQHandler  usart.o
    0x08003bc4   0x08003bc4   0x00000118   Code   RO         1191    i.DMA_ClearITPendingBit  stm32f4xx_dma.o
    0x08003cdc   0x08003cdc   0x000000f4   Code   RO         1192    i.DMA_Cmd           stm32f4xx_dma.o
    0x08003dd0   0x08003dd0   0x000001dc   Code   RO         1193    i.DMA_DeInit        stm32f4xx_dma.o
    0x08003fac   0x08003fac   0x000000f4   Code   RO         1194    i.DMA_DoubleBufferModeCmd  stm32f4xx_dma.o
    0x080040a0   0x080040a0   0x000000f8   Code   RO         1195    i.DMA_DoubleBufferModeConfig  stm32f4xx_dma.o
    0x08004198   0x08004198   0x000000f4   Code   RO         1196    i.DMA_FlowControllerConfig  stm32f4xx_dma.o
    0x0800428c   0x0800428c   0x000000dc   Code   RO         1197    i.DMA_GetCmdStatus  stm32f4xx_dma.o
    0x08004368   0x08004368   0x000000d4   Code   RO         1198    i.DMA_GetCurrDataCounter  stm32f4xx_dma.o
    0x0800443c   0x0800443c   0x000000dc   Code   RO         1199    i.DMA_GetCurrentMemoryTarget  stm32f4xx_dma.o
    0x08004518   0x08004518   0x000002b4   Code   RO         1202    i.DMA_GetITStatus   stm32f4xx_dma.o
    0x080047cc   0x080047cc   0x00000120   Code   RO         1203    i.DMA_ITConfig      stm32f4xx_dma.o
    0x080048ec   0x080048ec   0x00000284   Code   RO         1204    i.DMA_Init          stm32f4xx_dma.o
    0x08004b70   0x08004b70   0x00000002   Code   RO         9125    i.DebugMon_Handler  stm32f4xx_it.o
    0x08004b72   0x08004b72   0x00000002   PAD
    0x08004b74   0x08004b74   0x000002f8   Code   RO         6158    i.DecodeHuffmanPairs  huffman.o
    0x08004e6c   0x08004e6c   0x00000138   Code   RO         6159    i.DecodeHuffmanQuads  huffman.o
    0x08004fa4   0x08004fa4   0x00000160   Code   RO         6135    i.DequantBlock      dqchan.o
    0x08005104   0x08005104   0x00000060   Code   RO         1458    i.EXTI_ClearITPendingBit  stm32f4xx_exti.o
    0x08005164   0x08005164   0x00000144   Code   RO         5372    i.FindSCR           sdio_sd.o
    0x080052a8   0x080052a8   0x0000016a   Code   RO         6199    i.FreqInvertRescale  imdct.o
    0x08005412   0x08005412   0x00000002   PAD
    0x08005414   0x08005414   0x000001a0   Code   RO         1950    i.GPIO_Init         stm32f4xx_gpio.o
    0x080055b4   0x080055b4   0x0000016c   Code   RO         1951    i.GPIO_PinAFConfig  stm32f4xx_gpio.o
    0x08005720   0x08005720   0x000000d0   Code   RO         1957    i.GPIO_ResetBits    stm32f4xx_gpio.o
    0x080057f0   0x080057f0   0x000000d0   Code   RO         1958    i.GPIO_SetBits      stm32f4xx_gpio.o
    0x080058c0   0x080058c0   0x00000048   Code   RO         9126    i.HardFault_Handler  stm32f4xx_it.o
    0x08005908   0x08005908   0x00000146   Code   RO         6200    i.HybridTransform   imdct.o
    0x08005a4e   0x08005a4e   0x00000002   PAD
    0x08005a50   0x08005a50   0x00000094   Code   RO         3965    i.I2S_Cmd           stm32f4xx_spi.o
    0x08005ae4   0x08005ae4   0x00000104   Code   RO         3966    i.I2S_FullDuplexConfig  stm32f4xx_spi.o
    0x08005be8   0x08005be8   0x000001d8   Code   RO         3967    i.I2S_Init          stm32f4xx_spi.o
    0x08005dc0   0x08005dc0   0x00000044   Code   RO         5828    i.IIC_Init          myiic.o
    0x08005e04   0x08005e04   0x00000060   Code   RO         5831    i.IIC_Send_Byte     myiic.o
    0x08005e64   0x08005e64   0x00000040   Code   RO         5832    i.IIC_Start         myiic.o
    0x08005ea4   0x08005ea4   0x00000044   Code   RO         5833    i.IIC_Stop          myiic.o
    0x08005ee8   0x08005ee8   0x00000054   Code   RO         5834    i.IIC_Wait_Ack      myiic.o
    0x08005f3c   0x08005f3c   0x000001b8   Code   RO         6201    i.IMDCT12x3         imdct.o
    0x080060f4   0x080060f4   0x000001e0   Code   RO         6202    i.IMDCT36           imdct.o
    0x080062d4   0x080062d4   0x00000010   Code   RO         2465    i.IWDG_Enable       stm32f4xx_iwdg.o
    0x080062e4   0x080062e4   0x00000004   Code   RO         5687    i.IWDG_Feed         wdog.o
    0x080062e8   0x080062e8   0x00000010   Code   RO         2467    i.IWDG_ReloadCounter  stm32f4xx_iwdg.o
    0x080062f8   0x080062f8   0x00000070   Code   RO         2468    i.IWDG_SetPrescaler  stm32f4xx_iwdg.o
    0x08006368   0x08006368   0x0000005c   Code   RO         2469    i.IWDG_SetReload    stm32f4xx_iwdg.o
    0x080063c4   0x080063c4   0x00000060   Code   RO         2470    i.IWDG_WriteAccessCmd  stm32f4xx_iwdg.o
    0x08006424   0x08006424   0x00000094   Code   RO         5373    i.IsCardProgramming  sdio_sd.o
    0x080064b8   0x080064b8   0x000000e8   Code   RO         6615    i.MP2_ID3V2_Decode  mp3play.o
    0x080065a0   0x080065a0   0x00000026   Code   RO         5943    i.MP3ClearBadFrame  mp3dec.o
    0x080065c6   0x080065c6   0x000002f4   Code   RO         5944    i.MP3Decode         mp3dec.o
    0x080068ba   0x080068ba   0x0000002c   Code   RO         5945    i.MP3FindSyncWord   mp3dec.o
    0x080068e6   0x080068e6   0x0000000a   Code   RO         5946    i.MP3FreeDecoder    mp3dec.o
    0x080068f0   0x080068f0   0x00000064   Code   RO         5947    i.MP3GetLastFrameInfo  mp3dec.o
    0x08006954   0x08006954   0x00000032   Code   RO         5948    i.MP3GetNextFrameInfo  mp3dec.o
    0x08006986   0x08006986   0x00000004   Code   RO         5949    i.MP3InitDecoder    mp3dec.o
    0x0800698a   0x0800698a   0x00000002   PAD
    0x0800698c   0x0800698c   0x00000068   Code   RO         6616    i.MP3_Buffill       mp3play.o
    0x080069f4   0x080069f4   0x000001d4   Code   RO         6618    i.MP3_Get_Info      mp3play.o
    0x08006bc8   0x08006bc8   0x000001e4   Code   RO         6619    i.MP3_Play          mp3play.o
    0x08006dac   0x08006dac   0x0000004c   Code   RO         9127    i.MemManage_Handler  stm32f4xx_it.o
    0x08006df8   0x08006df8   0x00000002   Code   RO         9128    i.NMI_Handler       stm32f4xx_it.o
    0x08006dfa   0x08006dfa   0x00000002   PAD
    0x08006dfc   0x08006dfc   0x000000c8   Code   RO          155    i.NVIC_Init         misc.o
    0x08006ec4   0x08006ec4   0x00000070   Code   RO          156    i.NVIC_PriorityGroupConfig  misc.o
    0x08006f34   0x08006f34   0x00000074   Code   RO          157    i.NVIC_SetVectorTable  misc.o
    0x08006fa8   0x08006fa8   0x0000007c   Code   RO         2834    i.RCC_AHB1PeriphClockCmd  stm32f4xx_rcc.o
    0x08007024   0x08007024   0x00000078   Code   RO         2843    i.RCC_APB1PeriphClockCmd  stm32f4xx_rcc.o
    0x0800709c   0x0800709c   0x00000078   Code   RO         2845    i.RCC_APB1PeriphResetCmd  stm32f4xx_rcc.o
    0x08007114   0x08007114   0x0000007c   Code   RO         2846    i.RCC_APB2PeriphClockCmd  stm32f4xx_rcc.o
    0x08007190   0x08007190   0x0000007c   Code   RO         2848    i.RCC_APB2PeriphResetCmd  stm32f4xx_rcc.o
    0x0800720c   0x0800720c   0x00000010   Code   RO         2851    i.RCC_ClearFlag     stm32f4xx_rcc.o
    0x0800721c   0x0800721c   0x00000090   Code   RO         2855    i.RCC_GetClocksFreq  stm32f4xx_rcc.o
    0x080072ac   0x080072ac   0x000000b4   Code   RO         2856    i.RCC_GetFlagStatus  stm32f4xx_rcc.o
    0x08007360   0x08007360   0x0000005c   Code   RO         2862    i.RCC_I2SCLKConfig  stm32f4xx_rcc.o
    0x080073bc   0x080073bc   0x0000005c   Code   RO         2866    i.RCC_LSICmd        stm32f4xx_rcc.o
    0x08007418   0x08007418   0x0000005c   Code   RO         2874    i.RCC_PLLI2SCmd     stm32f4xx_rcc.o
    0x08007474   0x08007474   0x00000022   Code   RO         5283    i.RTC_Alarm_IRQHandler  rtc.o
    0x08007496   0x08007496   0x00000002   PAD
    0x08007498   0x08007498   0x00000070   Code   RO         3246    i.RTC_ClearFlag     stm32f4xx_rtc.o
    0x08007508   0x08007508   0x000000b0   Code   RO         3258    i.RTC_GetFlagStatus  stm32f4xx_rtc.o
    0x080075b8   0x080075b8   0x00000022   Code   RO         5291    i.RTC_WKUP_IRQHandler  rtc.o
    0x080075da   0x080075da   0x00000070   Code   RO         6018    i.RefillBitstreamCache  bitstream.o
    0x0800764a   0x0800764a   0x00000002   PAD
    0x0800764c   0x0800764c   0x0000008c   Code   RO         5374    i.SDEnWideBus       sdio_sd.o
    0x080076d8   0x080076d8   0x00000064   Code   RO         3768    i.SDIO_ClearFlag    stm32f4xx_sdio.o
    0x0800773c   0x0800773c   0x00000014   Code   RO         5375    i.SDIO_Clock_Set    sdio_sd.o
    0x08007750   0x08007750   0x00000100   Code   RO         3774    i.SDIO_DataConfig   stm32f4xx_sdio.o
    0x08007850   0x08007850   0x000000e4   Code   RO         3780    i.SDIO_GetFlagStatus  stm32f4xx_sdio.o
    0x08007934   0x08007934   0x00000010   Code   RO         3782    i.SDIO_GetPowerState  stm32f4xx_sdio.o
    0x08007944   0x08007944   0x00000004   Code   RO         5376    i.SDIO_IRQHandler   sdio_sd.o
    0x08007948   0x08007948   0x000000d8   Code   RO         3785    i.SDIO_Init         stm32f4xx_sdio.o
    0x08007a20   0x08007a20   0x00000038   Code   RO         5377    i.SDIO_Register_Deinit  sdio_sd.o
    0x08007a58   0x08007a58   0x000000c0   Code   RO         3788    i.SDIO_SendCommand  stm32f4xx_sdio.o
    0x08007b18   0x08007b18   0x00000060   Code   RO         3790    i.SDIO_SetPowerState  stm32f4xx_sdio.o
    0x08007b78   0x08007b78   0x00000078   Code   RO         5378    i.SD_DMA_Config     sdio_sd.o
    0x08007bf0   0x08007bf0   0x0000004c   Code   RO         5379    i.SD_EnableWideBusOperation  sdio_sd.o
    0x08007c3c   0x08007c3c   0x00000218   Code   RO         5380    i.SD_GetCardInfo    sdio_sd.o
    0x08007e54   0x08007e54   0x0000011c   Code   RO         5382    i.SD_Init           sdio_sd.o
    0x08007f70   0x08007f70   0x0000011c   Code   RO         5383    i.SD_InitializeCards  sdio_sd.o
    0x0800808c   0x0800808c   0x000001a4   Code   RO         5385    i.SD_PowerON        sdio_sd.o
    0x08008230   0x08008230   0x000000f0   Code   RO         5386    i.SD_ProcessIRQSrc  sdio_sd.o
    0x08008320   0x08008320   0x00000208   Code   RO         5387    i.SD_ReadBlock      sdio_sd.o
    0x08008528   0x08008528   0x00000078   Code   RO         5388    i.SD_ReadDisk       sdio_sd.o
    0x080085a0   0x080085a0   0x00000278   Code   RO         5389    i.SD_ReadMultiBlocks  sdio_sd.o
    0x08008818   0x08008818   0x0000002c   Code   RO         5390    i.SD_SelectDeselect  sdio_sd.o
    0x08008844   0x08008844   0x00000018   Code   RO         5392    i.SD_SetDeviceMode  sdio_sd.o
    0x0800885c   0x0800885c   0x000002e0   Code   RO         5393    i.SD_WriteBlock     sdio_sd.o
    0x08008b3c   0x08008b3c   0x00000070   Code   RO         5394    i.SD_WriteDisk      sdio_sd.o
    0x08008bac   0x08008bac   0x00000304   Code   RO         5395    i.SD_WriteMultiBlocks  sdio_sd.o
    0x08008eb0   0x08008eb0   0x000000c8   Code   RO         3977    i.SPI_I2S_DMACmd    stm32f4xx_spi.o
    0x08008f78   0x08008f78   0x000000b4   Code   RO            4    i.SetSysClock       system_stm32f4xx.o
    0x0800902c   0x0800902c   0x0000002c   Code   RO         7586    i.SysTick_Handler   port.o
    0x08009058   0x08009058   0x0000005c   Code   RO            6    i.SystemInit        system_stm32f4xx.o
    0x080090b4   0x080090b4   0x000000f8   Code   RO         4195    i.TIM_ARRPreloadConfig  stm32f4xx_tim.o
    0x080091ac   0x080091ac   0x000000dc   Code   RO         4201    i.TIM_ClearFlag     stm32f4xx_tim.o
    0x08009288   0x08009288   0x000000f8   Code   RO         4207    i.TIM_Cmd           stm32f4xx_tim.o
    0x08009380   0x08009380   0x000001e4   Code   RO         4212    i.TIM_DeInit        stm32f4xx_tim.o
    0x08009564   0x08009564   0x00000104   Code   RO         4232    i.TIM_ITConfig      stm32f4xx_tim.o
    0x08009668   0x08009668   0x000001b0   Code   RO         4236    i.TIM_OC1Init       stm32f4xx_tim.o
    0x08009818   0x08009818   0x000000dc   Code   RO         4239    i.TIM_OC1PreloadConfig  stm32f4xx_tim.o
    0x080098f4   0x080098f4   0x000001a8   Code   RO         4241    i.TIM_OC2Init       stm32f4xx_tim.o
    0x08009a9c   0x08009a9c   0x000000bc   Code   RO         4244    i.TIM_OC2PreloadConfig  stm32f4xx_tim.o
    0x08009b58   0x08009b58   0x0000013c   Code   RO         4251    i.TIM_OC4Init       stm32f4xx_tim.o
    0x08009c94   0x08009c94   0x000000a8   Code   RO         4253    i.TIM_OC4PreloadConfig  stm32f4xx_tim.o
    0x08009d3c   0x08009d3c   0x00000014   Code   RO         4254    i.TIM_OCStructInit  stm32f4xx_tim.o
    0x08009d50   0x08009d50   0x000000c4   Code   RO         4269    i.TIM_SetCompare1   stm32f4xx_tim.o
    0x08009e14   0x08009e14   0x0000009c   Code   RO         4270    i.TIM_SetCompare2   stm32f4xx_tim.o
    0x08009eb0   0x08009eb0   0x00000088   Code   RO         4272    i.TIM_SetCompare4   stm32f4xx_tim.o
    0x08009f38   0x08009f38   0x00000168   Code   RO         4279    i.TIM_TimeBaseInit  stm32f4xx_tim.o
    0x0800a0a0   0x0800a0a0   0x00000090   Code   RO         5009    i.USART1_IRQHandler  usart.o
    0x0800a130   0x0800a130   0x000000b0   Code   RO         5010    i.USART2_IRQHandler  usart.o
    0x0800a1e0   0x0800a1e0   0x000000f4   Code   RO         4749    i.USART_ClearFlag   stm32f4xx_usart.o
    0x0800a2d4   0x0800a2d4   0x000000d8   Code   RO         4753    i.USART_Cmd         stm32f4xx_usart.o
    0x0800a3ac   0x0800a3ac   0x000000e8   Code   RO         4754    i.USART_DMACmd      stm32f4xx_usart.o
    0x0800a494   0x0800a494   0x00000118   Code   RO         4756    i.USART_GetFlagStatus  stm32f4xx_usart.o
    0x0800a5ac   0x0800a5ac   0x00000170   Code   RO         4757    i.USART_GetITStatus  stm32f4xx_usart.o
    0x0800a71c   0x0800a71c   0x0000015c   Code   RO         4759    i.USART_ITConfig    stm32f4xx_usart.o
    0x0800a878   0x0800a878   0x0000020c   Code   RO         4760    i.USART_Init        stm32f4xx_usart.o
    0x0800aa84   0x0800aa84   0x000000bc   Code   RO         4767    i.USART_ReceiveData  stm32f4xx_usart.o
    0x0800ab40   0x0800ab40   0x000000cc   Code   RO         4770    i.USART_SendData    stm32f4xx_usart.o
    0x0800ac0c   0x0800ac0c   0x0000002e   Code   RO         5013    i.USART_SendStr     usart.o
    0x0800ac3a   0x0800ac3a   0x0000003a   Code   RO         8888    i.UnicodetoGbk      urlencode.o
    0x0800ac74   0x0800ac74   0x0000016c   Code   RO         6253    i.UnpackSFMPEG1     scalfact.o
    0x0800ade0   0x0800ade0   0x00000234   Code   RO         6254    i.UnpackSFMPEG2     scalfact.o
    0x0800b014   0x0800b014   0x00000048   Code   RO         9129    i.UsageFault_Handler  stm32f4xx_it.o
    0x0800b05c   0x0800b05c   0x00000038   Code   RO         6479    i.WM8978_ADDA_Cfg   wm8978.o
    0x0800b094   0x0800b094   0x00000030   Code   RO         6480    i.WM8978_AUX_Gain   wm8978.o
    0x0800b0c4   0x0800b0c4   0x00000028   Code   RO         6487    i.WM8978_HPvol_Set  wm8978.o
    0x0800b0ec   0x0800b0ec   0x00000012   Code   RO         6488    i.WM8978_I2S_Cfg    wm8978.o
    0x0800b0fe   0x0800b0fe   0x0000006e   Code   RO         6489    i.WM8978_Init       wm8978.o
    0x0800b16c   0x0800b16c   0x00000058   Code   RO         6490    i.WM8978_Input_Cfg  wm8978.o
    0x0800b1c4   0x0800b1c4   0x00000034   Code   RO         6491    i.WM8978_LINEIN_Gain  wm8978.o
    0x0800b1f8   0x0800b1f8   0x0000001c   Code   RO         6492    i.WM8978_MIC_Gain   wm8978.o
    0x0800b214   0x0800b214   0x00000022   Code   RO         6493    i.WM8978_Output_Cfg  wm8978.o
    0x0800b236   0x0800b236   0x00000020   Code   RO         6495    i.WM8978_SPKvol_Set  wm8978.o
    0x0800b256   0x0800b256   0x00000002   PAD
    0x0800b258   0x0800b258   0x00000054   Code   RO         6496    i.WM8978_Write_Reg  wm8978.o
    0x0800b2ac   0x0800b2ac   0x00000002   Code   RO         5688    i.WWDG_IRQHandler   wdog.o
    0x0800b2ae   0x0800b2ae   0x00000002   PAD
    0x0800b2b0   0x0800b2b0   0x000000c8   Code   RO         6435    i.Wav_GetInfo       wavplay.o
    0x0800b378   0x0800b378   0x0000015c   Code   RO         6436    i.Wav_Play          wavplay.o
    0x0800b4d4   0x0800b4d4   0x000000f8   Code   RO         6437    i.Wav_TransFormot   wavplay.o
    0x0800b5cc   0x0800b5cc   0x00000130   Code   RO         6203    i.WinPrevious       imdct.o
    0x0800b6fc   0x0800b6fc   0x00000030   Code   RO         9748    i.__ARM_fpclassify  m_wm.l(fpclassify.o)
    0x0800b72c   0x0800b72c   0x0000000e   Code   RO         9510    i._is_digit         c_w.l(__printf_wp.o)
    0x0800b73a   0x0800b73a   0x00000002   Code   RO         5014    i._sys_exit         usart.o
    0x0800b73c   0x0800b73c   0x00000054   Code   RO         9181    i.assert_failed     main.o
    0x0800b790   0x0800b790   0x00000078   Code   RO         6855    i.change_bitmap     ff.o
    0x0800b808   0x0800b808   0x0000008c   Code   RO         6856    i.check_fs          ff.o
    0x0800b894   0x0800b894   0x00000014   Code   RO         6857    i.chk_chr           ff.o
    0x0800b8a8   0x0800b8a8   0x00000032   Code   RO         6858    i.clmt_clust        ff.o
    0x0800b8da   0x0800b8da   0x00000018   Code   RO         6859    i.clst2sect         ff.o
    0x0800b8f2   0x0800b8f2   0x00000002   PAD
    0x0800b8f4   0x0800b8f4   0x00000084   Code   RO         6860    i.cmp_lfn           ff.o
    0x0800b978   0x0800b978   0x00000012   Code   RO         5396    i.convert_from_bytes_to_power_of_two  sdio_sd.o
    0x0800b98a   0x0800b98a   0x0000016a   Code   RO         6861    i.create_chain      ff.o
    0x0800baf4   0x0800baf4   0x00000250   Code   RO         6862    i.create_name       ff.o
    0x0800bd44   0x0800bd44   0x0000007c   Code   RO         6863    i.create_xdir       ff.o
    0x0800bdc0   0x0800bdc0   0x00000010   Code   RO         6864    i.dbc_1st           ff.o
    0x0800bdd0   0x0800bdd0   0x00000016   Code   RO         6865    i.dbc_2nd           ff.o
    0x0800bde6   0x0800bde6   0x00000058   Code   RO         6866    i.dir_alloc         ff.o
    0x0800be3e   0x0800be3e   0x000000aa   Code   RO         6867    i.dir_clear         ff.o
    0x0800bee8   0x0800bee8   0x00000146   Code   RO         6868    i.dir_find          ff.o
    0x0800c02e   0x0800c02e   0x000000c2   Code   RO         6869    i.dir_next          ff.o
    0x0800c0f0   0x0800c0f0   0x000000e2   Code   RO         6870    i.dir_read          ff.o
    0x0800c1d2   0x0800c1d2   0x00000002   PAD
    0x0800c1d4   0x0800c1d4   0x0000023c   Code   RO         6871    i.dir_register      ff.o
    0x0800c410   0x0800c410   0x00000096   Code   RO         6873    i.dir_sdi           ff.o
    0x0800c4a6   0x0800c4a6   0x0000000a   Code   RO         6797    i.disk_initialize   diskio.o
    0x0800c4b0   0x0800c4b0   0x00000040   Code   RO         6798    i.disk_ioctl        diskio.o
    0x0800c4f0   0x0800c4f0   0x00000022   Code   RO         6799    i.disk_read         diskio.o
    0x0800c512   0x0800c512   0x00000008   Code   RO         6800    i.disk_status       diskio.o
    0x0800c51a   0x0800c51a   0x00000022   Code   RO         6801    i.disk_write        diskio.o
    0x0800c53c   0x0800c53c   0x00000026   Code   RO         6876    i.f_close           ff.o
    0x0800c562   0x0800c562   0x00000320   Code   RO         6885    i.f_lseek           ff.o
    0x0800c882   0x0800c882   0x000001ae   Code   RO         6886    i.f_mkdir           ff.o
    0x0800ca30   0x0800ca30   0x00000b3c   Code   RO         6887    i.f_mkfs            ff.o
    0x0800d56c   0x0800d56c   0x00000074   Code   RO         6888    i.f_mount           ff.o
    0x0800d5e0   0x0800d5e0   0x0000029e   Code   RO         6889    i.f_open            ff.o
    0x0800d87e   0x0800d87e   0x000000c0   Code   RO         6890    i.f_opendir         ff.o
    0x0800d93e   0x0800d93e   0x000001a4   Code   RO         6894    i.f_read            ff.o
    0x0800dae2   0x0800dae2   0x0000007c   Code   RO         6895    i.f_readdir         ff.o
    0x0800db5e   0x0800db5e   0x0000017e   Code   RO         6899    i.f_sync            ff.o
    0x0800dcdc   0x0800dcdc   0x000000cc   Code   RO         6900    i.f_truncate        ff.o
    0x0800dda8   0x0800dda8   0x000001f2   Code   RO         6903    i.f_write           ff.o
    0x0800df9a   0x0800df9a   0x00000014   Code   RO         7368    i.ff_cre_syncobj    ffsystem.o
    0x0800dfae   0x0800dfae   0x0000000a   Code   RO         7369    i.ff_del_syncobj    ffsystem.o
    0x0800dfb8   0x0800dfb8   0x00000004   Code   RO         7370    i.ff_memalloc       ffsystem.o
    0x0800dfbc   0x0800dfbc   0x00000004   Code   RO         7371    i.ff_memfree        ffsystem.o
    0x0800dfc0   0x0800dfc0   0x0000004c   Code   RO         7410    i.ff_oem2uni        ffunicode.o
    0x0800e00c   0x0800e00c   0x0000000a   Code   RO         7372    i.ff_rel_grant      ffsystem.o
    0x0800e016   0x0800e016   0x00000012   Code   RO         7373    i.ff_req_grant      ffsystem.o
    0x0800e028   0x0800e028   0x00000050   Code   RO         7411    i.ff_uni2oem        ffunicode.o
    0x0800e078   0x0800e078   0x00000088   Code   RO         7412    i.ff_wtoupper       ffunicode.o
    0x0800e100   0x0800e100   0x0000002e   Code   RO         6904    i.fill_first_frag   ff.o
    0x0800e12e   0x0800e12e   0x00000032   Code   RO         6905    i.fill_last_frag    ff.o
    0x0800e160   0x0800e160   0x00000090   Code   RO         6906    i.find_bitmap       ff.o
    0x0800e1f0   0x0800e1f0   0x00000374   Code   RO         6907    i.find_volume       ff.o
    0x0800e564   0x0800e564   0x00000100   Code   RO         6908    i.follow_path       ff.o
    0x0800e664   0x0800e664   0x00000012   Code   RO         5016    i.fputc             usart.o
    0x0800e676   0x0800e676   0x00000002   PAD
    0x0800e678   0x0800e678   0x00000090   Code   RO         6909    i.gen_numname       ff.o
    0x0800e708   0x0800e708   0x0000012c   Code   RO         6911    i.get_fat           ff.o
    0x0800e834   0x0800e834   0x00000004   Code   RO         6802    i.get_fattime       diskio.o
    0x0800e838   0x0800e838   0x00000138   Code   RO         6912    i.get_fileinfo      ff.o
    0x0800e970   0x0800e970   0x0000003e   Code   RO         6913    i.get_ldnumber      ff.o
    0x0800e9ae   0x0800e9ae   0x000000a6   Code   RO         6914    i.get_xfileinfo     ff.o
    0x0800ea54   0x0800ea54   0x00000158   Code   RO         6204    i.idct9             imdct.o
    0x0800ebac   0x0800ebac   0x000000ac   Code   RO         6205    i.imdct12           imdct.o
    0x0800ec58   0x0800ec58   0x0000002e   Code   RO         6915    i.init_alloc_info   ff.o
    0x0800ec86   0x0800ec86   0x00000026   Code   RO         6916    i.ld_clust          ff.o
    0x0800ecac   0x0800ecac   0x00000016   Code   RO         6917    i.ld_dword          ff.o
    0x0800ecc2   0x0800ecc2   0x00000056   Code   RO         6918    i.ld_qword          ff.o
    0x0800ed18   0x0800ed18   0x0000000a   Code   RO         6919    i.ld_word           ff.o
    0x0800ed22   0x0800ed22   0x0000003a   Code   RO         6920    i.load_obj_xdir     ff.o
    0x0800ed5c   0x0800ed5c   0x000000d0   Code   RO         6921    i.load_xdir         ff.o
    0x0800ee2c   0x0800ee2c   0x00000006   Code   RO         6922    i.lock_fs           ff.o
    0x0800ee32   0x0800ee32   0x00000002   PAD
    0x0800ee34   0x0800ee34   0x0000003c   Code   RO         9267    i.log_record        syslog.o
    0x0800ee70   0x0800ee70   0x00000138   Code   RO         9182    i.main              main.o
    0x0800efa8   0x0800efa8   0x00000018   Code   RO         6923    i.mem_cmp           ff.o
    0x0800efc0   0x0800efc0   0x00000012   Code   RO         6924    i.mem_cpy           ff.o
    0x0800efd2   0x0800efd2   0x0000000c   Code   RO         6925    i.mem_set           ff.o
    0x0800efde   0x0800efde   0x00000002   PAD
    0x0800efe0   0x0800efe0   0x0000008c   Code   RO         9231    i.mount_fs          bsp_init.o
    0x0800f06c   0x0800f06c   0x00000032   Code   RO         6926    i.move_window       ff.o
    0x0800f09e   0x0800f09e   0x00000002   PAD
    0x0800f0a0   0x0800f0a0   0x00000070   Code   RO         6928    i.pick_lfn          ff.o
    0x0800f110   0x0800f110   0x00000070   Code   RO         8008    i.prvAddCurrentTaskToDelayedList  tasks.o
    0x0800f180   0x0800f180   0x000000d0   Code   RO         8009    i.prvAddNewTaskToReadyList  tasks.o
    0x0800f250   0x0800f250   0x00000050   Code   RO         8341    i.prvCheckForValidListAndQueue  timers.o
    0x0800f2a0   0x0800f2a0   0x00000058   Code   RO         8964    i.prvCmd_echo       cmd.o
    0x0800f2f8   0x0800f2f8   0x00000030   Code   RO         8965    i.prvCmd_espat      cmd.o
    0x0800f328   0x0800f328   0x0000004c   Code   RO         8966    i.prvCmd_help       cmd.o
    0x0800f374   0x0800f374   0x00000030   Code   RO         8967    i.prvCmd_printarg   cmd.o
    0x0800f3a4   0x0800f3a4   0x0000003c   Code   RO         8968    i.prvCmd_setpro     cmd.o
    0x0800f3e0   0x0800f3e0   0x00000094   Code   RO         8969    i.prvCmd_tapping    cmd.o
    0x0800f474   0x0800f474   0x000000c0   Code   RO         8970    i.prvCmd_volume     cmd.o
    0x0800f534   0x0800f534   0x00000026   Code   RO         7663    i.prvCopyDataFromQueue  queue.o
    0x0800f55a   0x0800f55a   0x0000006c   Code   RO         7664    i.prvCopyDataToQueue  queue.o
    0x0800f5c6   0x0800f5c6   0x00000014   Code   RO         8010    i.prvDeleteTCB      tasks.o
    0x0800f5da   0x0800f5da   0x00000002   PAD
    0x0800f5dc   0x0800f5dc   0x0000005c   Code   RO         8011    i.prvIdleTask       tasks.o
    0x0800f638   0x0800f638   0x0000009c   Code   RO         8012    i.prvInitialiseNewTask  tasks.o
    0x0800f6d4   0x0800f6d4   0x0000004c   Code   RO         8468    i.prvInsertBlockIntoFreeList  heap_5.o
    0x0800f720   0x0800f720   0x00000038   Code   RO         8342    i.prvInsertTimerInActiveList  timers.o
    0x0800f758   0x0800f758   0x0000001a   Code   RO         7665    i.prvIsQueueEmpty   queue.o
    0x0800f772   0x0800f772   0x00000002   PAD
    0x0800f774   0x0800f774   0x0000007c   Code   RO         6748    i.prvLed_EX_IOInit  led.o
    0x0800f7f0   0x0800f7f0   0x000000ac   Code   RO         8926    i.prvNetCmd_Light   netcmd.o
    0x0800f89c   0x0800f89c   0x0000013c   Code   RO         8927    i.prvNetCmd_Play    netcmd.o
    0x0800f9d8   0x0800f9d8   0x000000b8   Code   RO         8343    i.prvProcessReceivedCommands  timers.o
    0x0800fa90   0x0800fa90   0x000000b4   Code   RO         8344    i.prvProcessTimerOrBlockTask  timers.o
    0x0800fb44   0x0800fb44   0x00000030   Code   RO         9039    i.prvPutChar        read-line.o
    0x0800fb74   0x0800fb74   0x00000038   Code   RO         9040    i.prvPutString      read-line.o
    0x0800fbac   0x0800fbac   0x00000020   Code   RO         8014    i.prvResetNextTaskUnblockTime  tasks.o
    0x0800fbcc   0x0800fbcc   0x00000028   Code   RO         8345    i.prvSampleTimeNow  timers.o
    0x0800fbf4   0x0800fbf4   0x0000006c   Code   RO         8346    i.prvSwitchTimerLists  timers.o
    0x0800fc60   0x0800fc60   0x00000028   Code   RO         7587    i.prvTaskExitError  port.o
    0x0800fc88   0x0800fc88   0x00000028   Code   RO         8347    i.prvTimerTask      timers.o
    0x0800fcb0   0x0800fcb0   0x0000006a   Code   RO         7666    i.prvUnlockQueue    queue.o
    0x0800fd1a   0x0800fd1a   0x00000002   PAD
    0x0800fd1c   0x0800fd1c   0x00000068   Code   RO         5017    i.prvUsart1_BinaryInit  usart.o
    0x0800fd84   0x0800fd84   0x00000068   Code   RO         5018    i.prvUsart2_BinaryInit  usart.o
    0x0800fdec   0x0800fdec   0x000000f6   Code   RO         6929    i.put_fat           ff.o
    0x0800fee2   0x0800fee2   0x0000002e   Code   RO         6930    i.put_utf           ff.o
    0x0800ff10   0x0800ff10   0x000000ac   Code   RO         8469    i.pvPortMalloc      heap_5.o
    0x0800ffbc   0x0800ffbc   0x00000018   Code   RO         8016    i.pvTaskIncrementMutexHeldCount  tasks.o
    0x0800ffd4   0x0800ffd4   0x0000002c   Code   RO         7588    i.pxPortInitialiseStack  port.o
    0x08010000   0x08010000   0x0000010c   Code   RO         6934    i.remove_chain      ff.o
    0x0801010c   0x0801010c   0x00000028   Code   RO         6935    i.st_clust          ff.o
    0x08010134   0x08010134   0x00000010   Code   RO         6936    i.st_dword          ff.o
    0x08010144   0x08010144   0x0000004a   Code   RO         6937    i.st_qword          ff.o
    0x0801018e   0x0801018e   0x00000008   Code   RO         6938    i.st_word           ff.o
    0x08010196   0x08010196   0x0000006a   Code   RO         6939    i.store_xdir        ff.o
    0x08010200   0x08010200   0x0000001a   Code   RO         6940    i.sum_sfn           ff.o
    0x0801021a   0x0801021a   0x00000002   PAD
    0x0801021c   0x0801021c   0x00000088   Code   RO         6941    i.sync_fs           ff.o
    0x080102a4   0x080102a4   0x00000046   Code   RO         6942    i.sync_window       ff.o
    0x080102ea   0x080102ea   0x00000046   Code   RO         6943    i.tchar2uni         ff.o
    0x08010330   0x08010330   0x00000034   Code   RO         9268    i.ts_printf         syslog.o
    0x08010364   0x08010364   0x00000050   Code   RO         9041    i.ucArgAnalyze      read-line.o
    0x080103b4   0x080103b4   0x0000001a   Code   RO         9232    i.ucBsp_Init        bsp_init.o
    0x080103ce   0x080103ce   0x00000002   PAD
    0x080103d0   0x080103d0   0x00000018   Code   RO         9042    i.ucChangeEcho      read-line.o
    0x080103e8   0x080103e8   0x00000024   Code   RO         9043    i.ucChangePrompt    read-line.o
    0x0801040c   0x0801040c   0x0000007c   Code   RO         8971    i.ucCmd_exec        cmd.o
    0x08010488   0x08010488   0x00000020   Code   RO         8516    i.ucEsp_BreakSEND   esp8266.o
    0x080104a8   0x080104a8   0x00000034   Code   RO         8517    i.ucEsp_CIPCLOSE    esp8266.o
    0x080104dc   0x080104dc   0x0000004c   Code   RO         8518    i.ucEsp_CIPMODE     esp8266.o
    0x08010528   0x08010528   0x000000a8   Code   RO         8520    i.ucEsp_CIPSEND     esp8266.o
    0x080105d0   0x080105d0   0x0000007c   Code   RO         8521    i.ucEsp_CIPSENDBUF  esp8266.o
    0x0801064c   0x0801064c   0x00000060   Code   RO         8523    i.ucEsp_CIPSTART    esp8266.o
    0x080106ac   0x080106ac   0x0000003c   Code   RO         8524    i.ucEsp_CWJAP       esp8266.o
    0x080106e8   0x080106e8   0x0000005c   Code   RO         8525    i.ucEsp_CWJAP_CUR   esp8266.o
    0x08010744   0x08010744   0x00000050   Code   RO         8527    i.ucEsp_CWMODE_CUR  esp8266.o
    0x08010794   0x08010794   0x0000002c   Code   RO         8532    i.ucEsp_Debug       esp8266.o
    0x080107c0   0x080107c0   0x00000024   Code   RO         8535    i.ucEsp_WaitSendOK  esp8266.o
    0x080107e4   0x080107e4   0x00000150   Code   RO         8813    i.ucNet_Audio2Text  netvoc.o
    0x08010934   0x08010934   0x00000080   Code   RO         8814    i.ucNet_GetText     netvoc.o
    0x080109b4   0x080109b4   0x0000003c   Code   RO         8815    i.ucNet_ReadToken   netvoc.o
    0x080109f0   0x080109f0   0x000000f4   Code   RO         8928    i.ucParseWord       netcmd.o
    0x08010ae4   0x08010ae4   0x00000064   Code   RO         8695    i.ucSerialAT_SendCmd  serial_at.o
    0x08010b48   0x08010b48   0x000000d0   Code   RO         8696    i.ucSerialAT_WaitRes  serial_at.o
    0x08010c18   0x08010c18   0x0000008c   Code   RO         6676    i.ucSimpleVad       recorder.o
    0x08010ca4   0x08010ca4   0x00000020   Code   RO         5019    i.ucUsart1_GetChar  usart.o
    0x08010cc4   0x08010cc4   0x00000030   Code   RO         5020    i.ucUsart1_PutChar  usart.o
    0x08010cf4   0x08010cf4   0x00000026   Code   RO         5021    i.ucUsart1_PutString  usart.o
    0x08010d1a   0x08010d1a   0x00000002   PAD
    0x08010d1c   0x08010d1c   0x00000020   Code   RO         5022    i.ucUsart2_GetChar  usart.o
    0x08010d3c   0x08010d3c   0x00000030   Code   RO         5023    i.ucUsart2_PutChar  usart.o
    0x08010d6c   0x08010d6c   0x00000026   Code   RO         5024    i.ucUsart2_PutString  usart.o
    0x08010d92   0x08010d92   0x00000002   PAD
    0x08010d94   0x08010d94   0x00000148   Code   RO         9044    i.ulReadLine        read-line.o
    0x08010edc   0x08010edc   0x00000036   Code   RO         8891    i.ulUtf_8toUnicode  urlencode.o
    0x08010f12   0x08010f12   0x00000018   Code   RO         6944    i.unlock_fs         ff.o
    0x08010f2a   0x08010f2a   0x00000026   Code   RO         7546    i.uxListRemove      list.o
    0x08010f50   0x08010f50   0x00000034   Code   RO         9183    i.vApplicationMallocFailedHook  main.o
    0x08010f84   0x08010f84   0x0000004c   Code   RO         9184    i.vApplicationStackOverflowHook  main.o
    0x08010fd0   0x08010fd0   0x000000ec   Code   RO         6344    i.vAudio_Task       audio.o
    0x080110bc   0x080110bc   0x00000050   Code   RO         8536    i.vEsp_Init         esp8266.o
    0x0801110c   0x0801110c   0x00000048   Code   RO         8538    i.vEsp_Reset        esp8266.o
    0x08011154   0x08011154   0x00000028   Code   RO         9185    i.vFeedDog_Task     main.o
    0x0801117c   0x0801117c   0x000000ac   Code   RO         5583    i.vI2s2DMA_RxInit   spi_i2s.o
    0x08011228   0x08011228   0x00000020   Code   RO         5584    i.vI2s2DMA_RxStart  spi_i2s.o
    0x08011248   0x08011248   0x000000b0   Code   RO         5586    i.vI2s2DMA_TxInit   spi_i2s.o
    0x080112f8   0x080112f8   0x00000020   Code   RO         5587    i.vI2s2DMA_TxStart  spi_i2s.o
    0x08011318   0x08011318   0x00000050   Code   RO         5589    i.vI2s2_BinaryInit  spi_i2s.o
    0x08011368   0x08011368   0x00000022   Code   RO         5590    i.vI2s2_ClockInit   spi_i2s.o
    0x0801138a   0x0801138a   0x00000002   PAD
    0x0801138c   0x0801138c   0x00000094   Code   RO         5591    i.vI2s2_GpioInit    spi_i2s.o
    0x08011420   0x08011420   0x0000004c   Code   RO         5592    i.vI2s2_ModeInit    spi_i2s.o
    0x0801146c   0x0801146c   0x0000004c   Code   RO         5689    i.vIWdg_Init        wdog.o
    0x080114b8   0x080114b8   0x00000128   Code   RO         6749    i.vLedPWM_Init      led.o
    0x080115e0   0x080115e0   0x000001a0   Code   RO         6750    i.vLed_Task         led.o
    0x08011780   0x08011780   0x00000016   Code   RO         7547    i.vListInitialise   list.o
    0x08011796   0x08011796   0x00000006   Code   RO         7548    i.vListInitialiseItem  list.o
    0x0801179c   0x0801179c   0x00000030   Code   RO         7549    i.vListInsert       list.o
    0x080117cc   0x080117cc   0x00000018   Code   RO         7550    i.vListInsertEnd    list.o
    0x080117e4   0x080117e4   0x00000014   Code   RO         8771    i.vNetLsn_Close     netlsn.o
    0x080117f8   0x080117f8   0x0000004c   Code   RO         8772    i.vNetLsn_Init      netlsn.o
    0x08011844   0x08011844   0x0000019c   Code   RO         8773    i.vNetLsn_Task      netlsn.o
    0x080119e0   0x080119e0   0x00000044   Code   RO         8816    i.vNet_LsnStart     netvoc.o
    0x08011a24   0x08011a24   0x00000074   Code   RO         8817    i.vNet_ReacquireToken  netvoc.o
    0x08011a98   0x08011a98   0x00000054   Code   RO         8818    i.vNet_SendBuf      netvoc.o
    0x08011aec   0x08011aec   0x00000238   Code   RO         8732    i.vNet_Task         network.o
    0x08011d24   0x08011d24   0x000000b8   Code   RO         8470    i.vPortDefineHeapRegions  heap_5.o
    0x08011ddc   0x08011ddc   0x00000040   Code   RO         7590    i.vPortEnterCritical  port.o
    0x08011e1c   0x08011e1c   0x00000028   Code   RO         7591    i.vPortExitCritical  port.o
    0x08011e44   0x08011e44   0x0000005c   Code   RO         8471    i.vPortFree         heap_5.o
    0x08011ea0   0x08011ea0   0x00000024   Code   RO         7592    i.vPortSetupTimerInterrupt  port.o
    0x08011ec4   0x08011ec4   0x00000054   Code   RO         7593    i.vPortValidateInterruptPriority  port.o
    0x08011f18   0x08011f18   0x00000024   Code   RO         7672    i.vQueueAddToRegistry  queue.o
    0x08011f3c   0x08011f3c   0x00000024   Code   RO         7673    i.vQueueDelete      queue.o
    0x08011f60   0x08011f60   0x00000028   Code   RO         7675    i.vQueueUnregisterQueue  queue.o
    0x08011f88   0x08011f88   0x00000044   Code   RO         7676    i.vQueueWaitForMessageRestricted  queue.o
    0x08011fcc   0x08011fcc   0x000001e8   Code   RO         6677    i.vRecord_Task      recorder.o
    0x080121b4   0x080121b4   0x0000004c   Code   RO         9095    i.vShell_Task       shell.o
    0x08012200   0x08012200   0x0000004c   Code   RO         8024    i.vTaskDelay        tasks.o
    0x0801224c   0x0801224c   0x00000090   Code   RO         8025    i.vTaskDelayUntil   tasks.o
    0x080122dc   0x080122dc   0x000000ac   Code   RO         8026    i.vTaskDelete       tasks.o
    0x08012388   0x08012388   0x00000010   Code   RO         8029    i.vTaskInternalSetTimeOutState  tasks.o
    0x08012398   0x08012398   0x0000000c   Code   RO         8030    i.vTaskMissedYield  tasks.o
    0x080123a4   0x080123a4   0x00000030   Code   RO         8032    i.vTaskPlaceOnEventList  tasks.o
    0x080123d4   0x080123d4   0x00000038   Code   RO         8033    i.vTaskPlaceOnEventListRestricted  tasks.o
    0x0801240c   0x0801240c   0x000000ac   Code   RO         8035    i.vTaskPriorityDisinheritAfterTimeout  tasks.o
    0x080124b8   0x080124b8   0x00000070   Code   RO         8041    i.vTaskStartScheduler  tasks.o
    0x08012528   0x08012528   0x00000010   Code   RO         8043    i.vTaskSuspendAll   tasks.o
    0x08012538   0x08012538   0x00000088   Code   RO         8044    i.vTaskSwitchContext  tasks.o
    0x080125c0   0x080125c0   0x00000108   Code   RO         5025    i.vUsart1_Init      usart.o
    0x080126c8   0x080126c8   0x000000a0   Code   RO         5026    i.vUsart2DMA_RxInit  usart.o
    0x08012768   0x08012768   0x00000030   Code   RO         5027    i.vUsart2DMA_RxStart  usart.o
    0x08012798   0x08012798   0x00000030   Code   RO         5028    i.vUsart2DMA_RxStop  usart.o
    0x080127c8   0x080127c8   0x000000a0   Code   RO         5029    i.vUsart2DMA_TxInit  usart.o
    0x08012868   0x08012868   0x00000020   Code   RO         5030    i.vUsart2DMA_TxStart  usart.o
    0x08012888   0x08012888   0x00000020   Code   RO         5031    i.vUsart2DMA_TxStop  usart.o
    0x080128a8   0x080128a8   0x00000104   Code   RO         5032    i.vUsart2_Init      usart.o
    0x080129ac   0x080129ac   0x00000048   Code   RO         6945    i.validate          ff.o
    0x080129f4   0x080129f4   0x000000f4   Code   RO         7594    i.xPortStartScheduler  port.o
    0x08012ae8   0x08012ae8   0x00000024   Code   RO         7678    i.xQueueCreateMutex  queue.o
    0x08012b0c   0x08012b0c   0x00000052   Code   RO         7679    i.xQueueGenericCreate  queue.o
    0x08012b5e   0x08012b5e   0x00000002   PAD
    0x08012b60   0x08012b60   0x00000088   Code   RO         7680    i.xQueueGenericReset  queue.o
    0x08012be8   0x08012be8   0x00000164   Code   RO         7681    i.xQueueGenericSend  queue.o
    0x08012d4c   0x08012d4c   0x000000bc   Code   RO         7682    i.xQueueGenericSendFromISR  queue.o
    0x08012e08   0x08012e08   0x0000009c   Code   RO         7683    i.xQueueGiveFromISR  queue.o
    0x08012ea4   0x08012ea4   0x00000138   Code   RO         7689    i.xQueueReceive     queue.o
    0x08012fdc   0x08012fdc   0x0000009a   Code   RO         7690    i.xQueueReceiveFromISR  queue.o
    0x08013076   0x08013076   0x00000002   PAD
    0x08013078   0x08013078   0x00000178   Code   RO         7691    i.xQueueSemaphoreTake  queue.o
    0x080131f0   0x080131f0   0x00000074   Code   RO         8045    i.xTaskCheckForTimeOut  tasks.o
    0x08013264   0x08013264   0x00000056   Code   RO         8046    i.xTaskCreate       tasks.o
    0x080132ba   0x080132ba   0x00000002   PAD
    0x080132bc   0x080132bc   0x0000001c   Code   RO         8050    i.xTaskGetSchedulerState  tasks.o
    0x080132d8   0x080132d8   0x0000000c   Code   RO         8051    i.xTaskGetTickCount  tasks.o
    0x080132e4   0x080132e4   0x000000c8   Code   RO         8053    i.xTaskIncrementTick  tasks.o
    0x080133ac   0x080133ac   0x00000098   Code   RO         8056    i.xTaskPriorityDisinherit  tasks.o
    0x08013444   0x08013444   0x00000094   Code   RO         8057    i.xTaskPriorityInherit  tasks.o
    0x080134d8   0x080134d8   0x00000074   Code   RO         8058    i.xTaskRemoveFromEventList  tasks.o
    0x0801354c   0x0801354c   0x000000c4   Code   RO         8059    i.xTaskResumeAll    tasks.o
    0x08013610   0x08013610   0x00000048   Code   RO         8353    i.xTimerCreateTimerTask  timers.o
    0x08013658   0x08013658   0x0000005c   Code   RO         8354    i.xTimerGenericCommand  timers.o
    0x080136b4   0x080136b4   0x00000034   Code   RO         6946    i.xdir_sum          ff.o
    0x080136e8   0x080136e8   0x000000de   Code   RO         6073    i.xmp3_AllocateBuffers  buffers.o
    0x080137c6   0x080137c6   0x0000000e   Code   RO         6019    i.xmp3_CalcBitsUsed  bitstream.o
    0x080137d4   0x080137d4   0x00000016   Code   RO         6020    i.xmp3_CheckPadBit  bitstream.o
    0x080137ea   0x080137ea   0x00000196   Code   RO         6160    i.xmp3_DecodeHuffman  huffman.o
    0x08013980   0x08013980   0x000001f4   Code   RO         6136    i.xmp3_DequantChannel  dqchan.o
    0x08013b74   0x08013b74   0x000001e8   Code   RO         6115    i.xmp3_Dequantize   dequant.o
    0x08013d5c   0x08013d5c   0x00000696   Code   RO         6100    i.xmp3_FDCT32       dct32.o
    0x080143f2   0x080143f2   0x0000005a   Code   RO         6074    i.xmp3_FreeBuffers  buffers.o
    0x0801444c   0x0801444c   0x00000042   Code   RO         6021    i.xmp3_GetBits      bitstream.o
    0x0801448e   0x0801448e   0x0000011e   Code   RO         6206    i.xmp3_IMDCT        imdct.o
    0x080145ac   0x080145ac   0x00000238   Code   RO         6277    i.xmp3_IntensityProcMPEG1  stproc.o
    0x080147e4   0x080147e4   0x00000234   Code   RO         6278    i.xmp3_IntensityProcMPEG2  stproc.o
    0x08014a18   0x08014a18   0x0000005a   Code   RO         6279    i.xmp3_MidSideProc  stproc.o
    0x08014a72   0x08014a72   0x0000000c   Code   RO         6022    i.xmp3_SetBitstreamPointer  bitstream.o
    0x08014a7e   0x08014a7e   0x00000002   PAD
    0x08014a80   0x08014a80   0x000000f8   Code   RO         6301    i.xmp3_Subband      subband.o
    0x08014b78   0x08014b78   0x000001ec   Code   RO         6023    i.xmp3_UnpackFrameHeader  bitstream.o
    0x08014d64   0x08014d64   0x000000f6   Code   RO         6255    i.xmp3_UnpackScaleFactors  scalfact.o
    0x08014e5a   0x08014e5a   0x00000214   Code   RO         6024    i.xmp3_UnpackSideInfo  bitstream.o
    0x0801506e   0x0801506e   0x0000003e   Code   RO         6947    i.xname_sum         ff.o
    0x080150ac   0x080150ac   0x00000010   Code   RO         6948    i.xsum32            ff.o
    0x080150bc   0x080150bc   0x0000002c   Code   RO         9728    locale$$code        c_w.l(lc_ctype_c.o)
    0x080150e8   0x080150e8   0x0000002c   Code   RO         9731    locale$$code        c_w.l(lc_numeric_c.o)
    0x08015114   0x08015114   0x0000000a   Code   RO         9816    x$fpl$fpinit        fz_wm.l(fpinit.o)
    0x0801511e   0x0801511e   0x00000004   Code   RO         9644    x$fpl$printf1       fz_wm.l(printf1.o)
    0x08015122   0x08015122   0x00000004   Code   RO         9646    x$fpl$printf2       fz_wm.l(printf2.o)
    0x08015126   0x08015126   0x00000000   Code   RO         9747    x$fpl$usenofp       fz_wm.l(usenofp.o)
    0x08015126   0x08015126   0x00000002   PAD
    0x08015128   0x08015128   0x00000024   Data   RO         6000    .constdata          mp3tabs.o
    0x0801514c   0x0801514c   0x0000010e   Data   RO         6001    .constdata          mp3tabs.o
    0x0801525a   0x0801525a   0x00000012   Data   RO         6002    .constdata          mp3tabs.o
    0x0801526c   0x0801526c   0x0000000c   Data   RO         6004    .constdata          mp3tabs.o
    0x08015278   0x08015278   0x0000010e   Data   RO         6005    .constdata          mp3tabs.o
    0x08015386   0x08015386   0x0000029a   Data   RO         6006    .constdata          mp3tabs.o
    0x08015620   0x08015620   0x000000c0   Data   RO         6101    .constdata          dct32.o
    0x080156e0   0x080156e0   0x00000250   Data   RO         6137    .constdata          dqchan.o
    0x08015930   0x08015930   0x00002124   Data   RO         6180    .constdata          hufftabs.o
    0x08017a54   0x08017a54   0x00000080   Data   RO         6181    .constdata          hufftabs.o
    0x08017ad4   0x08017ad4   0x00000100   Data   RO         6182    .constdata          hufftabs.o
    0x08017bd4   0x08017bd4   0x00000050   Data   RO         6183    .constdata          hufftabs.o
    0x08017c24   0x08017c24   0x00000008   Data   RO         6184    .constdata          hufftabs.o
    0x08017c2c   0x08017c2c   0x00000008   Data   RO         6185    .constdata          hufftabs.o
    0x08017c34   0x08017c34   0x0000006c   Data   RO         6207    .constdata          imdct.o
    0x08017ca0   0x08017ca0   0x00000068   Data   RO         6256    .constdata          scalfact.o
    0x08017d08   0x08017d08   0x00000240   Data   RO         6313    .constdata          trigtabs.o
    0x08017f48   0x08017f48   0x00000038   Data   RO         6314    .constdata          trigtabs.o
    0x08017f80   0x08017f80   0x00000100   Data   RO         6315    .constdata          trigtabs.o
    0x08018080   0x08018080   0x00000010   Data   RO         6316    .constdata          trigtabs.o
    0x08018090   0x08018090   0x00000040   Data   RO         6318    .constdata          trigtabs.o
    0x080180d0   0x080180d0   0x00000420   Data   RO         6320    .constdata          trigtabs.o
    0x080184f0   0x080184f0   0x0000003a   Data   RO         6949    .constdata          ff.o
    0x0801852a   0x0801852a   0x0002abb6   Data   RO         7413    .constdata          ffunicode.o
    0x080430e0   0x080430e0   0x00000024   Data   RO         8539    .constdata          esp8266.o
    0x08043104   0x08043104   0x00000189   Data   RO         8821    .constdata          netvoc.o
    0x0804328d   0x0804328d   0x00000003   PAD
    0x08043290   0x08043290   0x000000cc   Data   RO         8930    .constdata          netcmd.o
    0x0804335c   0x0804335c   0x00000060   Data   RO         8972    .constdata          cmd.o
    0x080433bc   0x080433bc   0x00000004   Data   RO         9046    .constdata          read-line.o
    0x080433c0   0x080433c0   0x00000028   Data   RO         9186    .constdata          main.o
    0x080433e8   0x080433e8   0x00000800   Data   RO         9423    .constdata          arm_cortexM4lf_math.lib(arm_common_tables.o)
    0x08043be8   0x08043be8   0x00008000   Data   RO         9432    .constdata          arm_cortexM4lf_math.lib(arm_common_tables.o)
    0x0804bbe8   0x0804bbe8   0x00000011   Data   RO         9518    .constdata          c_w.l(__printf_flags_ss_wp.o)
    0x0804bbf9   0x0804bbf9   0x00000003   PAD
    0x0804bbfc   0x0804bbfc   0x00000008   Data   RO         9590    .constdata          c_w.l(_printf_wctomb.o)
    0x0804bc04   0x0804bc04   0x00000028   Data   RO         9617    .constdata          c_w.l(_printf_hex_int_ll_ptr.o)
    0x0804bc2c   0x0804bc2c   0x00000026   Data   RO         9677    .constdata          c_w.l(_printf_fp_hex.o)
    0x0804bc52   0x0804bc52   0x00000002   PAD
    0x0804bc54   0x0804bc54   0x00000094   Data   RO         9703    .constdata          c_w.l(bigflt0.o)
    0x0804bce8   0x0804bce8   0x0000002f   Data   RO         8540    .conststring        esp8266.o
    0x0804bd17   0x0804bd17   0x00000001   PAD
    0x0804bd18   0x0804bd18   0x00000049   Data   RO         8822    .conststring        netvoc.o
    0x0804bd61   0x0804bd61   0x00000003   PAD
    0x0804bd64   0x0804bd64   0x0000000c   Data   RO         8931    .conststring        netcmd.o
    0x0804bd70   0x0804bd70   0x0000033d   Data   RO         8973    .conststring        cmd.o
    0x0804c0ad   0x0804c0ad   0x00000003   PAD
    0x0804c0b0   0x0804c0b0   0x00000020   Data   RO         9870    Region$$Table       anon$$obj.o
    0x0804c0d0   0x0804c0d0   0x00000110   Data   RO         9727    locale$$data        c_w.l(lc_ctype_c.o)
    0x0804c1e0   0x0804c1e0   0x0000001c   Data   RO         9730    locale$$data        c_w.l(lc_numeric_c.o)


    Execution Region RW_IRAM1 (Exec base: 0x20000000, Load base: 0x0804c1fc, Size: 0x0000d8e8, Max: 0x00020000, ABSOLUTE, COMPRESSED[0x00000074])

    Exec Addr    Load Addr    Size         Type   Attr      Idx    E Section Name        Object

    0x20000000   COMPRESSED   0x00000014   Data   RW            7    .data               system_stm32f4xx.o
    0x20000014   COMPRESSED   0x00000010   Data   RW         2887    .data               stm32f4xx_rcc.o
    0x20000024   COMPRESSED   0x00000040   Data   RW         5033    .data               usart.o
    0x20000064   COMPRESSED   0x00000004   Data   RW         5034    .data               usart.o
    0x20000068   COMPRESSED   0x00000010   Data   RW         5398    .data               sdio_sd.o
    0x20000078   COMPRESSED   0x0000000c   Data   RW         5593    .data               spi_i2s.o
    0x20000084   COMPRESSED   0x00000004   Data   RW         5691    .data               wdog.o
    0x20000088   COMPRESSED   0x00000001   Data   RW         6346    .data               audio.o
    0x20000089   COMPRESSED   0x00000001   Data   RW         6347    .data               audio.o
    0x2000008a   COMPRESSED   0x00000001   Data   RW         6348    .data               audio.o
    0x2000008b   COMPRESSED   0x00000001   PAD
    0x2000008c   COMPRESSED   0x00000074   Data   RW         6497    .data               wm8978.o
    0x20000100   COMPRESSED   0x00000004   Data   RW         6622    .data               mp3play.o
    0x20000104   COMPRESSED   0x0000000c   Data   RW         6679    .data               recorder.o
    0x20000110   COMPRESSED   0x00000001   Data   RW         6752    .data               led.o
    0x20000111   COMPRESSED   0x00000003   PAD
    0x20000114   COMPRESSED   0x00000008   Data   RW         6951    .data               ff.o
    0x2000011c   COMPRESSED   0x0000000c   Data   RW         7595    .data               port.o
    0x20000128   COMPRESSED   0x0000003c   Data   RW         8062    .data               tasks.o
    0x20000164   COMPRESSED   0x00000014   Data   RW         8360    .data               timers.o
    0x20000178   COMPRESSED   0x00000018   Data   RW         8474    .data               heap_5.o
    0x20000190   COMPRESSED   0x00000014   Data   RW         8541    .data               esp8266.o
    0x200001a4   COMPRESSED   0x000000c8   Data   RW         8736    .data               network.o
    0x2000026c   COMPRESSED   0x00000010   Data   RW         8774    .data               netlsn.o
    0x2000027c   COMPRESSED   0x00000004   Data   RW         8823    .data               netvoc.o
    0x20000280   COMPRESSED   0x00000008   Data   RW         8974    .data               cmd.o
    0x20000288   COMPRESSED   0x00000001   Data   RW         9047    .data               read-line.o
    0x20000289   COMPRESSED   0x00000001   Data   RW         9097    .data               shell.o
    0x2000028a   COMPRESSED   0x00000002   PAD
    0x2000028c   COMPRESSED   0x00000004   Data   RW         9187    .data               main.o
    0x20000290        -       0x000002c0   Zero   RW         5397    .bss                sdio_sd.o
    0x20000550        -       0x00004800   Zero   RW         6345    .bss                audio.o
    0x20004d50        -       0x00000278   Zero   RW         6438    .bss                wavplay.o
    0x20004fc8        -       0x000002f0   Zero   RW         6621    .bss                mp3play.o
    0x200052b8        -       0x00001488   Zero   RW         6678    .bss                recorder.o
    0x20006740        -       0x00000300   Zero   RW         6751    .bss                led.o
    0x20006a40        -       0x00000040   Zero   RW         7693    .bss                queue.o
    0x20006a80        -       0x000000f0   Zero   RW         8061    .bss                tasks.o
    0x20006b70        -       0x00000028   Zero   RW         8359    .bss                timers.o
    0x20006b98        -       0x00000400   Zero   RW         8697    .bss                serial_at.o
    0x20006f98        -       0x00000800   Zero   RW         8733    .bss                network.o
    0x20007798        -       0x00000800   Zero   RW         8734    .bss                network.o
    0x20007f98        -       0x00000080   Zero   RW         8735    .bss                network.o
    0x20008018        -       0x00000438   Zero   RW         8820    .bss                netvoc.o
    0x20008450        -       0x00000478   Zero   RW         8929    .bss                netcmd.o
    0x200088c8        -       0x000004ff   Zero   RW         9045    .bss                read-line.o
    0x20008dc7   COMPRESSED   0x00000001   PAD
    0x20008dc8        -       0x000003fc   Zero   RW         9096    .bss                shell.o
    0x200091c4        -       0x00003872   Zero   RW         9233    .bss                bsp_init.o
    0x2000ca36   COMPRESSED   0x00000002   PAD
    0x2000ca38        -       0x0000024c   Zero   RW         9234    .bss                bsp_init.o
    0x2000cc84        -       0x00000400   Zero   RW         9269    .bss                syslog.o
    0x2000d084        -       0x00000060   Zero   RW         9653    .bss                c_w.l(libspace.o)
    0x2000d0e4   COMPRESSED   0x00000004   PAD
    0x2000d0e8        -       0x00000000   Zero   RW          146    HEAP                startup_stm32f40_41xxx.o
    0x2000d0e8        -       0x00000800   Zero   RW          145    STACK               startup_stm32f40_41xxx.o


==============================================================================

Image component sizes


      Code (inc. data)   RO Data    RW Data    ZI Data      Debug   Object Name

        22          0          0          0          0        496   asmmisc_rvds.o
      2062          0          0          0          0        676   asmpoly_thumb2_rvds.o
       236        100          0          3      18432       6776   audio.o
      1250         24          0          0          0      11746   bitstream.o
       166         82          0          0      15038       1590   bsp_init.o
       328          0          0          0          0       2884   buffers.o
       784        272        925          8          0       6317   cmd.o
      1686          8        192          0          0       3990   dct32.o
       510          0          0          0          0       2982   dequant.o
       154          4          0          0          0       4900   diskio.o
       874         22        592          0          0       5782   dqchan.o
      1012        304         83         20          0       9140   esp8266.o
         0          0          0          0          0       9808   event_groups.o
     14464        190         58          8          0      82132   ff.o
        66          0          0          0          0       3435   ffsystem.o
       292         28     175030          0          0       3380   ffunicode.o
       524         20          0         24          0       4864   heap_5.o
      1478         28          0          0          0       6653   huffman.o
         0          0       8964          0          0       5832   hufftabs.o
      3254         62        108          0          0      12325   imdct.o
       836         68          0          1        768      16572   led.o
       138          0          0          0          0       3118   list.o
       564        318         40          4          0       3802   main.o
       428        180          0          0          0       2513   misc.o
      1002          4          0          0          0       9613   mp3dec.o
      1288        110          0          4        752       7776   mp3play.o
         0          0       1272          0          0       2073   mp3tabs.o
       380         48          0          0          0       2801   myiic.o
       732        184        216          0       1144       3490   netcmd.o
       508         44          0         16          0       2282   netlsn.o
       792        242        466          4       1080       7982   netvoc.o
       568        328          0        200       4224       1983   network.o
         0          0          0          0          0       1052   player.o
       786         80          0         12          0      10721   port.o
      2254         26          0          0         64      19278   queue.o
       572         52          4          1       1279       4948   read-line.o
       688         96          0         12       5256       3687   recorder.o
        68          0          0          0          0       1029   rtc.o
      1174         10        104          0          0       5222   scalfact.o
      6064        280          0         16        704      37381   sdio_sd.o
       308         20          0          0       1024       2598   serial_at.o
        76         16          0          1       1020        582   shell.o
       862         92          0         12          0       6719   spi_i2s.o
        60         22        392          0       2048        880   startup_stm32f40_41xxx.o
      4012       1002          0          0          0      11526   stm32f4xx_dma.o
        96         70          0          0          0        641   stm32f4xx_exti.o
      1196        438          0          0          0       3731   stm32f4xx_gpio.o
       296        220          0          0          0       3145   stm32f4xx_it.o
       332        216          0          0          0       2978   stm32f4xx_iwdg.o
      1228        608          0         16          0      10049   stm32f4xx_rcc.o
       288        134          0          0          0       1372   stm32f4xx_rtc.o
      1104        426          0          0          0       6545   stm32f4xx_sdio.o
      1080        314          0          0          0       4173   stm32f4xx_spi.o
      4076       1488          0          0          0      14076   stm32f4xx_tim.o
      2604        950          0          0          0       8574   stm32f4xx_usart.o
      1222         18          0          0          0       6155   stproc.o
       248          4          0          0          0       1423   subband.o
       112         16          0          0       1024       1861   syslog.o
       272         36          0         20          0     323653   system_stm32f4xx.o
      2658        200          0         60        240      24593   tasks.o
       852         82          0         20         40      16619   timers.o
         0          0       2024          0          0       1048   trigtabs.o
       112          0          0          0          0       1494   urlencode.o
      1946        176          0         68          0      33418   usart.o
       796         72          0          0        632       4807   wavplay.o
        82          4          0          4          0       2027   wdog.o
       590         28          0        116          0       7373   wm8978.o

    ----------------------------------------------------------------------
     74574       9866     190512        656      54772     835091   Object Totals
         0          0         32          0          0          0   (incl. Generated)
        62          0         10          6          3          0   (incl. Padding)

    ----------------------------------------------------------------------

      Code (inc. data)   RO Data    RW Data    ZI Data      Debug   Library Member Name

       486          0          0          0          0       2210   arm_bitreversal.o
      1696          0          0          0          0       4744   arm_cfft_radix4_f32.o
       192         46          0          0          0        767   arm_cfft_radix4_init_f32.o
       240          4          0          0          0      16312   arm_cmplx_mag_f32.o
         0          0      34816          0          0       2517   arm_common_tables.o
        56          6          0          0          0         88   __2snprintf.o
        44          6          0          0          0         84   __2sprintf.o
        90          0          0          0          0          0   __dczerorl2.o
         8          0          0          0          0         68   __main.o
       392          4         17          0          0         92   __printf_flags_ss_wp.o
        14          0          0          0          0         68   __printf_wp.o
         0          0          0          0          0          0   __rtentry.o
        12          0          0          0          0          0   __rtentry2.o
         6          0          0          0          0          0   __rtentry4.o
        52          8          0          0          0          0   __scatter.o
        28          0          0          0          0          0   __scatter_zi.o
        28          0          0          0          0         68   _chval.o
         6          0          0          0          0          0   _printf_a.o
         6          0          0          0          0          0   _printf_c.o
        44          0          0          0          0        108   _printf_char.o
        48          6          0          0          0         96   _printf_char_common.o
        36          4          0          0          0         80   _printf_char_file.o
        40          0          0          0          0         68   _printf_charcount.o
         6          0          0          0          0          0   _printf_d.o
       120         16          0          0          0         92   _printf_dec.o
         6          0          0          0          0          0   _printf_e.o
         6          0          0          0          0          0   _printf_f.o
      1054          0          0          0          0        216   _printf_fp_dec.o
       764          8         38          0          0        100   _printf_fp_hex.o
       128         16          0          0          0         84   _printf_fp_infnan.o
         6          0          0          0          0          0   _printf_g.o
       148          4         40          0          0        160   _printf_hex_int_ll_ptr.o
         6          0          0          0          0          0   _printf_i.o
       178          0          0          0          0         88   _printf_intcommon.o
        10          0          0          0          0          0   _printf_l.o
         6          0          0          0          0          0   _printf_lc.o
        10          0          0          0          0          0   _printf_ll.o
         6          0          0          0          0          0   _printf_lld.o
         6          0          0          0          0          0   _printf_lli.o
         6          0          0          0          0          0   _printf_llo.o
         6          0          0          0          0          0   _printf_llu.o
         6          0          0          0          0          0   _printf_llx.o
       124         16          0          0          0         92   _printf_longlong_dec.o
         6          0          0          0          0          0   _printf_ls.o
         6          0          0          0          0          0   _printf_n.o
         6          0          0          0          0          0   _printf_o.o
       112         10          0          0          0        124   _printf_oct_int_ll.o
         6          0          0          0          0          0   _printf_p.o
        78          0          0          0          0        108   _printf_pad.o
         0          0          0          0          0          0   _printf_percent.o
         4          0          0          0          0          0   _printf_percent_end.o
         6          0          0          0          0          0   _printf_s.o
        82          0          0          0          0         80   _printf_str.o
        36          0          0          0          0         84   _printf_truncate.o
         6          0          0          0          0          0   _printf_u.o
        44          0          0          0          0        108   _printf_wchar.o
       188          6          8          0          0         92   _printf_wctomb.o
         6          0          0          0          0          0   _printf_x.o
        16          0          0          0          0         68   _snputc.o
        10          0          0          0          0         68   _sputc.o
       158          0          0          0          0         92   _strtoul.o
        64          0          0          0          0         92   _wcrtomb.o
        16          0          0          0          0         68   aeabi_memset.o
        26          0          0          0          0         80   atoi.o
       228          4        148          0          0         96   bigflt0.o
      1936        128          0          0          0        672   btod.o
        18          0          0          0          0         80   exit.o
         8          0          0          0          0         68   ferror.o
         6          0          0          0          0        152   heapauxi.o
        44         10        272          0          0         76   lc_ctype_c.o
        44         10         28          0          0         76   lc_numeric_c.o
         2          0          0          0          0          0   libinit.o
        34          0          0          0          0          0   libinit2.o
         2          0          0          0          0          0   libshutdown.o
         2          0          0          0          0          0   libshutdown2.o
         8          4          0          0         96         68   libspace.o
        72          0          0          0          0         76   llsdiv.o
       138          0          0          0          0         80   lludiv10.o
       238          0          0          0          0        100   lludivv7m.o
        16          4          0          0          0         76   rt_ctype_table.o
         8          4          0          0          0         68   rt_errno_addr_intlibspace.o
         8          4          0          0          0         68   rt_locale_intlibspace.o
        68          0          0          0          0         68   rt_memclr.o
        78          0          0          0          0         80   rt_memclr_w.o
       138          0          0          0          0         68   rt_memcpy_v6.o
       100          0          0          0          0         80   rt_memcpy_w.o
       132          0          0          0          0         68   rt_memmove_v6.o
       122          0          0          0          0         80   rt_memmove_w.o
         2          0          0          0          0          0   rtexit.o
        10          0          0          0          0          0   rtexit2.o
        24          0          0          0          0         68   strcat.o
       128          0          0          0          0         68   strcmpv7m.o
        72          0          0          0          0         80   strcpy.o
        62          0          0          0          0         76   strlen.o
       150          0          0          0          0         80   strncmp.o
        86          0          0          0          0         76   strncpy.o
        36          0          0          0          0         80   strstr.o
       112          0          0          0          0         88   strtol.o
        74          0          0          0          0         80   sys_stackheap_outer.o
         2          0          0          0          0         68   use_no_semi.o
         2          0          0          0          0         68   use_no_semi_2.o
        12          4          0          0          0         68   vprintf.o
        36          4          0          0          0         76   vsprintf.o
        10          0          0          0          0        116   fpinit.o
         4          0          0          0          0        116   printf1.o
         4          0          0          0          0        116   printf2.o
         0          0          0          0          0          0   usenofp.o
        48          0          0          0          0        124   fpclassify.o

    ----------------------------------------------------------------------
     11346        336      35372          0        100      32914   Library Totals
        20          0          5          0          4          0   (incl. Padding)

    ----------------------------------------------------------------------

      Code (inc. data)   RO Data    RW Data    ZI Data      Debug   Library Name

      2614         50      34816          0          0      26550   arm_cortexM4lf_math.lib
      8646        286        551          0         96       5892   c_w.l
        18          0          0          0          0        348   fz_wm.l
        48          0          0          0          0        124   m_wm.l

    ----------------------------------------------------------------------
     11346        336      35372          0        100      32914   Library Totals

    ----------------------------------------------------------------------

==============================================================================


      Code (inc. data)   RO Data    RW Data    ZI Data      Debug   

     85920      10202     225884        656      54872     821473   Grand Totals
     85920      10202     225884        116      54872     821473   ELF Image Totals (compressed)
     85920      10202     225884        116          0          0   ROM Totals

==============================================================================

    Total RO  Size (Code + RO Data)               311804 ( 304.50kB)
    Total RW  Size (RW Data + ZI Data)             55528 (  54.23kB)
    Total ROM Size (Code + RO Data + RW Data)     311920 ( 304.61kB)

==============================================================================

